../Core/Src/main.c:123:6:HAL_ADC_ConvCpltCallback	16	static
../Core/Src/main.c:131:6:send_frame_binary	56	static
../Core/Src/main.c:160:5:main	16	static
../Core/Src/main.c:230:6:SystemClock_Config	96	static
../Core/Src/main.c:281:13:MX_ADC1_Init	32	static
../Core/Src/main.c:339:13:MX_DAC1_Init	48	static
../Core/Src/main.c:383:13:MX_LPUART1_UART_Init	8	static
../Core/Src/main.c:431:13:MX_SPI1_Init	8	static
../Core/Src/main.c:471:13:MX_SPI3_Init	8	static
../Core/Src/main.c:511:13:MX_TIM1_Init	40	static
../Core/Src/main.c:558:13:MX_TIM6_Init	24	static
../Core/Src/main.c:594:13:MX_DMA_Init	16	static
../Core/Src/main.c:619:13:MX_GPIO_Init	64	static
../Core/Src/main.c:849:1:__io_putchar	16	static
../Core/Src/main.c:863:6:Error_Handler	4	static,ignoring_inline_asm
