../Core/Src/main.c:123:6:HAL_ADC_ConvCpltCallback	2
../Core/Src/main.c:131:6:send_frame_binary	1
../Core/Src/main.c:160:5:main	2
../Core/Src/main.c:230:6:SystemClock_Config	4
../Core/Src/main.c:281:13:MX_ADC1_Init	3
../Core/Src/main.c:339:13:MX_DAC1_Init	3
../Core/Src/main.c:383:13:MX_LPUART1_UART_Init	5
../Core/Src/main.c:431:13:MX_SPI1_Init	2
../Core/Src/main.c:471:13:MX_SPI3_Init	2
../Core/Src/main.c:511:13:MX_TIM1_Init	4
../Core/Src/main.c:558:13:MX_TIM6_Init	3
../Core/Src/main.c:594:13:MX_DMA_Init	1
../Core/Src/main.c:619:13:MX_GPIO_Init	1
../Core/Src/main.c:849:1:__io_putchar	1
../Core/Src/main.c:863:6:Error_Handler	1
