C:/Users/syoshino/Desktop/guitar_tutor_2.1.1_backup/Core/LVGL/src/core/lv_disp.h:205:20:lv_scr_load	16	static
../Core/Src/ui_fsm.c:32:6:UI_Init	8	static
../Core/Src/ui_fsm.c:40:6:UI_ChangeState	16	static
../Core/Src/ui_fsm.c:54:6:Toggle_Play_Pause	16	static
../Core/Src/ui_fsm.c:69:6:UI_Draw_Logo	8	static
../Core/Src/ui_fsm.c:78:6:UI_Update_Menu_Focus	8	static
../Core/Src/ui_fsm.c:88:6:UI_Draw_Menu	16	static
../Core/Src/ui_fsm.c:95:13:UI_Menu_ProcessInput	16	static
../Core/Src/ui_fsm.c:118:6:UI_Update_Set_Choose_Focus	16	static
../Core/Src/ui_fsm.c:128:6:UI_Draw_Set_Choose	16	static
../Core/Src/ui_fsm.c:139:13:UI_Set_Choose_ProcessInput	16	static
../Core/Src/ui_fsm.c:163:6:UI_Update_Demo_Buttons_State	8	static
../Core/Src/ui_fsm.c:177:6:UI_Update_Chord_Demo_Focus	16	static
../Core/Src/ui_fsm.c:187:6:UI_Update_Chord_Label	24	static
../Core/Src/ui_fsm.c:195:6:UI_Show_Evaluation_Result	32	static
../Core/Src/ui_fsm.c:220:6:UI_Hide_Evaluation_Result	8	static
../Core/Src/ui_fsm.c:227:6:UI_Draw_Demo	16	static
../Core/Src/ui_fsm.c:240:13:UI_Chord_Demo_ProcessInput	24	static
../Core/Src/ui_fsm.c:300:6:UI_Draw_Undone_Cursor	24	static
../Core/Src/ui_fsm.c:305:6:UI_Draw_Undone	24	static
../Core/Src/ui_fsm.c:318:6:UI_Process	32	static
