../Core/Src/GUI.c:404:6:LCD_ShowChar.constprop	48	static
../Core/Src/GUI.c:70:6:GUI_DrawPoint	8	static
../Core/Src/GUI.c:91:6:LCD_Fill	24	static
../Core/Src/GUI.c:119:6:LCD_DrawLine	56	static
../Core/Src/GUI.c:165:6:LCD_DrawRectangle	72	static
../Core/Src/GUI.c:183:6:LCD_DrawFillRectangle	16	static
../Core/Src/GUI.c:199:6:_draw_circle_8	48	static
../Core/Src/GUI.c:228:6:gui_circle	40	static
../Core/Src/GUI.c:278:6:Draw_Triangel	88	static
../Core/Src/GUI.c:305:6:Fill_Triangel	80	static
../Core/Src/GUI.c:404:6:LCD_ShowChar	64	static
../Core/Src/GUI.c:460:6:LCD_ShowString	64	static
../Core/Src/GUI.c:480:10:mypow	0	static
../Core/Src/GUI.c:498:6:LCD_ShowNum	56	static
../Core/Src/GUI.c:530:6:GUI_DrawFont16	56	static
../Core/Src/GUI.c:589:6:GUI_DrawFont24	48	static
../Core/Src/GUI.c:645:6:GUI_DrawFont32	48	static
../Core/Src/GUI.c:701:6:Show_Str	96	static
../Core/Src/GUI.c:767:6:Gui_StrCenter	32	static
../Core/Src/GUI.c:783:6:Gui_Drawbmp16	16	static
