../Core/Src/lcd.c:82:6:LCD_WR_REG	8	static
../Core/Src/lcd.c:99:6:LCD_WR_DATA	8	static
../Core/Src/lcd.c:117:6:LCD_WriteReg	16	static
../Core/Src/lcd.c:130:6:LCD_WriteRAM_Prepare	8	static
../Core/Src/lcd.c:142:6:Lcd_WriteData_16Bit	0	static
../Core/Src/lcd.c:158:6:LCD_DrawPoint	32	static
../Core/Src/lcd.c:175:6:LCD_Clear	32	static
../Core/Src/lcd.c:204:6:LCD_GPIOInit	0	static
../Core/Src/lcd.c:216:6:LCD_RESET	8	static
../Core/Src/lcd.c:231:6:LCD_Init	16	static
../Core/Src/lcd.c:321:6:LCD_SetWindows	32	static
../Core/Src/lcd.c:346:6:LCD_SetCursor	32	static
../Core/Src/lcd.c:361:6:LCD_direction	16	static
