../Core/Src/stm32l4xx_hal_msp.c:70:6:HAL_MspInit	8	static
../Core/Src/stm32l4xx_hal_msp.c:93:6:HAL_ADC_MspInit	200	static
../Core/Src/stm32l4xx_hal_msp.c:184:6:HAL_ADC_MspDeInit	8	static
../Core/Src/stm32l4xx_hal_msp.c:227:6:HAL_DAC_MspInit	48	static
../Core/Src/stm32l4xx_hal_msp.c:282:6:HAL_DAC_MspDeInit	8	static
../Core/Src/stm32l4xx_hal_msp.c:322:6:HAL_UART_MspInit	184	static
../Core/Src/stm32l4xx_hal_msp.c:371:6:HAL_UART_MspDeInit	0	static
../Core/Src/stm32l4xx_hal_msp.c:400:6:HAL_SPI_MspInit	40	static
../Core/Src/stm32l4xx_hal_msp.c:438:6:HAL_SPI_MspDeInit	0	static
../Core/Src/stm32l4xx_hal_msp.c:468:6:HAL_TIM_Base_MspInit	64	static
../Core/Src/stm32l4xx_hal_msp.c:564:6:HAL_TIM_MspPostInit	40	static
../Core/Src/stm32l4xx_hal_msp.c:618:6:HAL_TIM_Base_MspDeInit	8	static
