Archive member included to satisfy reference by file (symbol)

C:/ST/STM32CubeIDE_1.19.0/STM32CubeIDE/plugins/com.st.stm32cube.ide.mcu.externaltools.gnu-tools-for-stm32.13.3.rel1.win32_1.0.0.202411081344/tools/bin/../lib/gcc/arm-none-eabi/13.3.1/../../../../arm-none-eabi/lib/thumb/v7e-m+fp/hard\libc_nano.a(libc_a-exit.o)
                              C:/ST/STM32CubeIDE_1.19.0/STM32CubeIDE/plugins/com.st.stm32cube.ide.mcu.externaltools.gnu-tools-for-stm32.13.3.rel1.win32_1.0.0.202411081344/tools/bin/../lib/gcc/arm-none-eabi/13.3.1/../../../../arm-none-eabi/lib/thumb/v7e-m+fp/hard/crt0.o (exit)
C:/ST/STM32CubeIDE_1.19.0/STM32CubeIDE/plugins/com.st.stm32cube.ide.mcu.externaltools.gnu-tools-for-stm32.13.3.rel1.win32_1.0.0.202411081344/tools/bin/../lib/gcc/arm-none-eabi/13.3.1/../../../../arm-none-eabi/lib/thumb/v7e-m+fp/hard\libc_nano.a(libc_a-nano-vfprintf_float.o)
                              (_printf_float)
C:/ST/STM32CubeIDE_1.19.0/STM32CubeIDE/plugins/com.st.stm32cube.ide.mcu.externaltools.gnu-tools-for-stm32.13.3.rel1.win32_1.0.0.202411081344/tools/bin/../lib/gcc/arm-none-eabi/13.3.1/../../../../arm-none-eabi/lib/thumb/v7e-m+fp/hard\libc_nano.a(libc_a-nano-vfprintf_i.o)
                              C:/ST/STM32CubeIDE_1.19.0/STM32CubeIDE/plugins/com.st.stm32cube.ide.mcu.externaltools.gnu-tools-for-stm32.13.3.rel1.win32_1.0.0.202411081344/tools/bin/../lib/gcc/arm-none-eabi/13.3.1/../../../../arm-none-eabi/lib/thumb/v7e-m+fp/hard\libc_nano.a(libc_a-nano-vfprintf_float.o) (_printf_common)
C:/ST/STM32CubeIDE_1.19.0/STM32CubeIDE/plugins/com.st.stm32cube.ide.mcu.externaltools.gnu-tools-for-stm32.13.3.rel1.win32_1.0.0.202411081344/tools/bin/../lib/gcc/arm-none-eabi/13.3.1/../../../../arm-none-eabi/lib/thumb/v7e-m+fp/hard\libc_nano.a(libc_a-findfp.o)
                              C:/ST/STM32CubeIDE_1.19.0/STM32CubeIDE/plugins/com.st.stm32cube.ide.mcu.externaltools.gnu-tools-for-stm32.13.3.rel1.win32_1.0.0.202411081344/tools/bin/../lib/gcc/arm-none-eabi/13.3.1/../../../../arm-none-eabi/lib/thumb/v7e-m+fp/hard\libc_nano.a(libc_a-exit.o) (__stdio_exit_handler)
C:/ST/STM32CubeIDE_1.19.0/STM32CubeIDE/plugins/com.st.stm32cube.ide.mcu.externaltools.gnu-tools-for-stm32.13.3.rel1.win32_1.0.0.202411081344/tools/bin/../lib/gcc/arm-none-eabi/13.3.1/../../../../arm-none-eabi/lib/thumb/v7e-m+fp/hard\libc_nano.a(libc_a-fwalk.o)
                              C:/ST/STM32CubeIDE_1.19.0/STM32CubeIDE/plugins/com.st.stm32cube.ide.mcu.externaltools.gnu-tools-for-stm32.13.3.rel1.win32_1.0.0.202411081344/tools/bin/../lib/gcc/arm-none-eabi/13.3.1/../../../../arm-none-eabi/lib/thumb/v7e-m+fp/hard\libc_nano.a(libc_a-findfp.o) (_fwalk_sglue)
C:/ST/STM32CubeIDE_1.19.0/STM32CubeIDE/plugins/com.st.stm32cube.ide.mcu.externaltools.gnu-tools-for-stm32.13.3.rel1.win32_1.0.0.202411081344/tools/bin/../lib/gcc/arm-none-eabi/13.3.1/../../../../arm-none-eabi/lib/thumb/v7e-m+fp/hard\libc_nano.a(libc_a-printf.o)
                              ./Core/Src/chord_recognizer.o (printf)
C:/ST/STM32CubeIDE_1.19.0/STM32CubeIDE/plugins/com.st.stm32cube.ide.mcu.externaltools.gnu-tools-for-stm32.13.3.rel1.win32_1.0.0.202411081344/tools/bin/../lib/gcc/arm-none-eabi/13.3.1/../../../../arm-none-eabi/lib/thumb/v7e-m+fp/hard\libc_nano.a(libc_a-puts.o)
                              ./Core/Src/chord_recognizer.o (puts)
C:/ST/STM32CubeIDE_1.19.0/STM32CubeIDE/plugins/com.st.stm32cube.ide.mcu.externaltools.gnu-tools-for-stm32.13.3.rel1.win32_1.0.0.202411081344/tools/bin/../lib/gcc/arm-none-eabi/13.3.1/../../../../arm-none-eabi/lib/thumb/v7e-m+fp/hard\libc_nano.a(libc_a-snprintf.o)
                              ./Core/Src/ui_fsm.o (snprintf)
C:/ST/STM32CubeIDE_1.19.0/STM32CubeIDE/plugins/com.st.stm32cube.ide.mcu.externaltools.gnu-tools-for-stm32.13.3.rel1.win32_1.0.0.202411081344/tools/bin/../lib/gcc/arm-none-eabi/13.3.1/../../../../arm-none-eabi/lib/thumb/v7e-m+fp/hard\libc_nano.a(libc_a-stdio.o)
                              C:/ST/STM32CubeIDE_1.19.0/STM32CubeIDE/plugins/com.st.stm32cube.ide.mcu.externaltools.gnu-tools-for-stm32.13.3.rel1.win32_1.0.0.202411081344/tools/bin/../lib/gcc/arm-none-eabi/13.3.1/../../../../arm-none-eabi/lib/thumb/v7e-m+fp/hard\libc_nano.a(libc_a-findfp.o) (__sread)
C:/ST/STM32CubeIDE_1.19.0/STM32CubeIDE/plugins/com.st.stm32cube.ide.mcu.externaltools.gnu-tools-for-stm32.13.3.rel1.win32_1.0.0.202411081344/tools/bin/../lib/gcc/arm-none-eabi/13.3.1/../../../../arm-none-eabi/lib/thumb/v7e-m+fp/hard\libc_nano.a(libc_a-wbuf.o)
                              C:/ST/STM32CubeIDE_1.19.0/STM32CubeIDE/plugins/com.st.stm32cube.ide.mcu.externaltools.gnu-tools-for-stm32.13.3.rel1.win32_1.0.0.202411081344/tools/bin/../lib/gcc/arm-none-eabi/13.3.1/../../../../arm-none-eabi/lib/thumb/v7e-m+fp/hard\libc_nano.a(libc_a-puts.o) (__swbuf_r)
[...]
Memory Configuration

Name             Origin             Length             Attributes
RAM              0x20000000         0x00030000         xrw
RAM2             0x10000000         0x00010000         xrw
RAM3             0x20040000         0x00060000         xrw
FLASH            0x08000000         0x00200000         xr
*default*        0x00000000         0xffffffff

Linker script and memory map

LOAD C:/ST/STM32CubeIDE_1.19.0/STM32CubeIDE/plugins/com.st.stm32cube.ide.mcu.externaltools.gnu-tools-for-stm32.13.3.rel1.win32_1.0.0.202411081344/tools/bin/../lib/gcc/arm-none-eabi/13.3.1/thumb/v7e-m+fp/hard/crti.o
LOAD C:/ST/STM32CubeIDE_1.19.0/STM32CubeIDE/plugins/com.st.stm32cube.ide.mcu.externaltools.gnu-tools-for-stm32.13.3.rel1.win32_1.0.0.202411081344/tools/bin/../lib/gcc/arm-none-eabi/13.3.1/thumb/v7e-m+fp/hard/crtbegin.o
LOAD C:/ST/STM32CubeIDE_1.19.0/STM32CubeIDE/plugins/com.st.stm32cube.ide.mcu.externaltools.gnu-tools-for-stm32.13.3.rel1.win32_1.0.0.202411081344/tools/bin/../lib/gcc/arm-none-eabi/13.3.1/../../../../arm-none-eabi/lib/thumb/v7e-m+fp/hard/crt0.o
LOAD ./Core/LVGL/porting/lv_port_disp.o
LOAD ./Core/LVGL/porting/lv_port_indev.o
LOAD ./Core/LVGL/src/core/lv_disp.o
LOAD ./Core/LVGL/src/core/lv_event.o
LOAD ./Core/LVGL/src/core/lv_group.o
LOAD ./Core/LVGL/src/core/lv_indev.o
LOAD ./Core/LVGL/src/core/lv_indev_scroll.o
LOAD ./Core/LVGL/src/core/lv_obj.o
LOAD ./Core/LVGL/src/core/lv_obj_class.o
LOAD ./Core/LVGL/src/core/lv_obj_draw.o
LOAD ./Core/LVGL/src/core/lv_obj_pos.o
LOAD ./Core/LVGL/src/core/lv_obj_scroll.o
LOAD ./Core/LVGL/src/core/lv_obj_style.o
LOAD ./Core/LVGL/src/core/lv_obj_style_gen.o
LOAD ./Core/LVGL/src/core/lv_obj_tree.o
LOAD ./Core/LVGL/src/core/lv_refr.o
LOAD ./Core/LVGL/src/core/lv_theme.o
LOAD ./Core/LVGL/src/draw/arm2d/lv_gpu_arm2d.o
LOAD ./Core/LVGL/src/draw/lv_draw.o
LOAD ./Core/LVGL/src/draw/lv_draw_arc.o
LOAD ./Core/LVGL/src/draw/lv_draw_img.o
LOAD ./Core/LVGL/src/draw/lv_draw_label.o
LOAD ./Core/LVGL/src/draw/lv_draw_layer.o
LOAD ./Core/LVGL/src/draw/lv_draw_line.o
LOAD ./Core/LVGL/src/draw/lv_draw_mask.o
LOAD ./Core/LVGL/src/draw/lv_draw_rect.o
LOAD ./Core/LVGL/src/draw/lv_draw_transform.o
LOAD ./Core/LVGL/src/draw/lv_draw_triangle.o
LOAD ./Core/LVGL/src/draw/lv_img_buf.o
LOAD ./Core/LVGL/src/draw/lv_img_cache.o
LOAD ./Core/LVGL/src/draw/lv_img_decoder.o
LOAD ./Core/LVGL/src/draw/nema_gfx/lv_draw_nema_gfx.o
LOAD ./Core/LVGL/src/draw/nema_gfx/lv_draw_nema_gfx_img.o
LOAD ./Core/LVGL/src/draw/nema_gfx/lv_draw_nema_gfx_letter.o
LOAD ./Core/LVGL/src/draw/nxp/pxp/lv_draw_pxp.o
LOAD ./Core/LVGL/src/draw/nxp/pxp/lv_draw_pxp_blend.o
LOAD ./Core/LVGL/src/draw/nxp/pxp/lv_gpu_nxp_pxp.o
LOAD ./Core/LVGL/src/draw/nxp/pxp/lv_gpu_nxp_pxp_osa.o
LOAD ./Core/LVGL/src/draw/nxp/vglite/lv_draw_vglite.o
LOAD ./Core/LVGL/src/draw/nxp/vglite/lv_draw_vglite_arc.o
LOAD ./Core/LVGL/src/draw/nxp/vglite/lv_draw_vglite_blend.o
LOAD ./Core/LVGL/src/draw/nxp/vglite/lv_draw_vglite_line.o
LOAD ./Core/LVGL/src/draw/nxp/vglite/lv_draw_vglite_rect.o
LOAD ./Core/LVGL/src/draw/nxp/vglite/lv_vglite_buf.o
LOAD ./Core/LVGL/src/draw/nxp/vglite/lv_vglite_utils.o
LOAD ./Core/LVGL/src/draw/renesas/lv_gpu_d2_draw_label.o
LOAD ./Core/LVGL/src/draw/renesas/lv_gpu_d2_ra6m3.o
LOAD ./Core/LVGL/src/draw/sdl/lv_draw_sdl.o
LOAD ./Core/LVGL/src/draw/sdl/lv_draw_sdl_arc.o
LOAD ./Core/LVGL/src/draw/sdl/lv_draw_sdl_bg.o
LOAD ./Core/LVGL/src/draw/sdl/lv_draw_sdl_composite.o
LOAD ./Core/LVGL/src/draw/sdl/lv_draw_sdl_img.o
LOAD ./Core/LVGL/src/draw/sdl/lv_draw_sdl_label.o
LOAD ./Core/LVGL/src/draw/sdl/lv_draw_sdl_layer.o
LOAD ./Core/LVGL/src/draw/sdl/lv_draw_sdl_line.o
LOAD ./Core/LVGL/src/draw/sdl/lv_draw_sdl_mask.o
LOAD ./Core/LVGL/src/draw/sdl/lv_draw_sdl_polygon.o
LOAD ./Core/LVGL/src/draw/sdl/lv_draw_sdl_rect.o
LOAD ./Core/LVGL/src/draw/sdl/lv_draw_sdl_stack_blur.o
LOAD ./Core/LVGL/src/draw/sdl/lv_draw_sdl_texture_cache.o
LOAD ./Core/LVGL/src/draw/sdl/lv_draw_sdl_utils.o
LOAD ./Core/LVGL/src/draw/stm32_dma2d/lv_gpu_stm32_dma2d.o
LOAD ./Core/LVGL/src/draw/sw/lv_draw_sw.o
LOAD ./Core/LVGL/src/draw/sw/lv_draw_sw_arc.o
LOAD ./Core/LVGL/src/draw/sw/lv_draw_sw_blend.o
LOAD ./Core/LVGL/src/draw/sw/lv_draw_sw_dither.o
LOAD ./Core/LVGL/src/draw/sw/lv_draw_sw_gradient.o
LOAD ./Core/LVGL/src/draw/sw/lv_draw_sw_img.o
LOAD ./Core/LVGL/src/draw/sw/lv_draw_sw_layer.o
LOAD ./Core/LVGL/src/draw/sw/lv_draw_sw_letter.o
LOAD ./Core/LVGL/src/draw/sw/lv_draw_sw_line.o
LOAD ./Core/LVGL/src/draw/sw/lv_draw_sw_polygon.o
LOAD ./Core/LVGL/src/draw/sw/lv_draw_sw_rect.o
LOAD ./Core/LVGL/src/draw/sw/lv_draw_sw_transform.o
LOAD ./Core/LVGL/src/draw/swm341_dma2d/lv_gpu_swm341_dma2d.o
LOAD ./Core/LVGL/src/extra/layouts/flex/lv_flex.o
LOAD ./Core/LVGL/src/extra/layouts/grid/lv_grid.o
LOAD ./Core/LVGL/src/extra/libs/bmp/lv_bmp.o
LOAD ./Core/LVGL/src/extra/libs/ffmpeg/lv_ffmpeg.o
LOAD ./Core/LVGL/src/extra/libs/freetype/lv_freetype.o
LOAD ./Core/LVGL/src/extra/libs/fsdrv/lv_fs_fatfs.o
LOAD ./Core/LVGL/src/extra/libs/fsdrv/lv_fs_littlefs.o
LOAD ./Core/LVGL/src/extra/libs/fsdrv/lv_fs_posix.o
LOAD ./Core/LVGL/src/extra/libs/fsdrv/lv_fs_stdio.o
LOAD ./Core/LVGL/src/extra/libs/fsdrv/lv_fs_win32.o
LOAD ./Core/LVGL/src/extra/libs/gif/gifdec.o
LOAD ./Core/LVGL/src/extra/libs/gif/lv_gif.o
LOAD ./Core/LVGL/src/extra/libs/png/lodepng.o
LOAD ./Core/LVGL/src/extra/libs/png/lv_png.o
LOAD ./Core/LVGL/src/extra/libs/qrcode/lv_qrcode.o
LOAD ./Core/LVGL/src/extra/libs/qrcode/qrcodegen.o
LOAD ./Core/LVGL/src/extra/libs/rlottie/lv_rlottie.o
LOAD ./Core/LVGL/src/extra/libs/sjpg/lv_sjpg.o
LOAD ./Core/LVGL/src/extra/libs/sjpg/tjpgd.o
LOAD ./Core/LVGL/src/extra/libs/tiny_ttf/lv_tiny_ttf.o
LOAD ./Core/LVGL/src/extra/lv_extra.o
LOAD ./Core/LVGL/src/extra/others/fragment/lv_fragment.o
LOAD ./Core/LVGL/src/extra/others/fragment/lv_fragment_manager.o
LOAD ./Core/LVGL/src/extra/others/gridnav/lv_gridnav.o
LOAD ./Core/LVGL/src/extra/others/ime/lv_ime_pinyin.o
LOAD ./Core/LVGL/src/extra/others/imgfont/lv_imgfont.o
LOAD ./Core/LVGL/src/extra/others/monkey/lv_monkey.o
LOAD ./Core/LVGL/src/extra/others/msg/lv_msg.o
LOAD ./Core/LVGL/src/extra/others/snapshot/lv_snapshot.o
LOAD ./Core/LVGL/src/extra/themes/basic/lv_theme_basic.o
LOAD ./Core/LVGL/src/extra/themes/default/lv_theme_default.o
LOAD ./Core/LVGL/src/extra/themes/mono/lv_theme_mono.o
LOAD ./Core/LVGL/src/extra/widgets/animimg/lv_animimg.o
LOAD ./Core/LVGL/src/extra/widgets/calendar/lv_calendar.o
LOAD ./Core/LVGL/src/extra/widgets/calendar/lv_calendar_header_arrow.o
LOAD ./Core/LVGL/src/extra/widgets/calendar/lv_calendar_header_dropdown.o
LOAD ./Core/LVGL/src/extra/widgets/chart/lv_chart.o
LOAD ./Core/LVGL/src/extra/widgets/colorwheel/lv_colorwheel.o
LOAD ./Core/LVGL/src/extra/widgets/imgbtn/lv_imgbtn.o
LOAD ./Core/LVGL/src/extra/widgets/keyboard/lv_keyboard.o
LOAD ./Core/LVGL/src/extra/widgets/led/lv_led.o
LOAD ./Core/LVGL/src/extra/widgets/list/lv_list.o
LOAD ./Core/LVGL/src/extra/widgets/menu/lv_menu.o
LOAD ./Core/LVGL/src/extra/widgets/meter/lv_meter.o
LOAD ./Core/LVGL/src/extra/widgets/msgbox/lv_msgbox.o
LOAD ./Core/LVGL/src/extra/widgets/span/lv_span.o
LOAD ./Core/LVGL/src/extra/widgets/spinbox/lv_spinbox.o
LOAD ./Core/LVGL/src/extra/widgets/spinner/lv_spinner.o
LOAD ./Core/LVGL/src/extra/widgets/tabview/lv_tabview.o
LOAD ./Core/LVGL/src/extra/widgets/tileview/lv_tileview.o
LOAD ./Core/LVGL/src/extra/widgets/win/lv_win.o
LOAD ./Core/LVGL/src/font/lv_font.o
LOAD ./Core/LVGL/src/font/lv_font_dejavu_16_persian_hebrew.o
LOAD ./Core/LVGL/src/font/lv_font_fmt_txt.o
LOAD ./Core/LVGL/src/font/lv_font_loader.o
LOAD ./Core/LVGL/src/font/lv_font_montserrat_10.o
LOAD ./Core/LVGL/src/font/lv_font_montserrat_12.o
LOAD ./Core/LVGL/src/font/lv_font_montserrat_12_subpx.o
LOAD ./Core/LVGL/src/font/lv_font_montserrat_14.o
LOAD ./Core/LVGL/src/font/lv_font_montserrat_16.o
LOAD ./Core/LVGL/src/font/lv_font_montserrat_18.o
LOAD ./Core/LVGL/src/font/lv_font_montserrat_20.o
LOAD ./Core/LVGL/src/font/lv_font_montserrat_22.o
LOAD ./Core/LVGL/src/font/lv_font_montserrat_24.o
LOAD ./Core/LVGL/src/font/lv_font_montserrat_26.o
LOAD ./Core/LVGL/src/font/lv_font_montserrat_28.o
LOAD ./Core/LVGL/src/font/lv_font_montserrat_28_compressed.o
LOAD ./Core/LVGL/src/font/lv_font_montserrat_30.o
LOAD ./Core/LVGL/src/font/lv_font_montserrat_32.o
LOAD ./Core/LVGL/src/font/lv_font_montserrat_34.o
LOAD ./Core/LVGL/src/font/lv_font_montserrat_36.o
LOAD ./Core/LVGL/src/font/lv_font_montserrat_38.o
LOAD ./Core/LVGL/src/font/lv_font_montserrat_40.o
LOAD ./Core/LVGL/src/font/lv_font_montserrat_42.o
LOAD ./Core/LVGL/src/font/lv_font_montserrat_44.o
LOAD ./Core/LVGL/src/font/lv_font_montserrat_46.o
LOAD ./Core/LVGL/src/font/lv_font_montserrat_48.o
LOAD ./Core/LVGL/src/font/lv_font_montserrat_8.o
LOAD ./Core/LVGL/src/font/lv_font_simsun_16_cjk.o
LOAD ./Core/LVGL/src/font/lv_font_unscii_16.o
LOAD ./Core/LVGL/src/font/lv_font_unscii_8.o
LOAD ./Core/LVGL/src/hal/lv_hal_disp.o
LOAD ./Core/LVGL/src/hal/lv_hal_indev.o
LOAD ./Core/LVGL/src/hal/lv_hal_tick.o
LOAD ./Core/LVGL/src/misc/lv_anim.o
LOAD ./Core/LVGL/src/misc/lv_anim_timeline.o
LOAD ./Core/LVGL/src/misc/lv_area.o
LOAD ./Core/LVGL/src/misc/lv_async.o
LOAD ./Core/LVGL/src/misc/lv_bidi.o
LOAD ./Core/LVGL/src/misc/lv_color.o
LOAD ./Core/LVGL/src/misc/lv_fs.o
LOAD ./Core/LVGL/src/misc/lv_gc.o
LOAD ./Core/LVGL/src/misc/lv_ll.o
LOAD ./Core/LVGL/src/misc/lv_log.o
LOAD ./Core/LVGL/src/misc/lv_lru.o
LOAD ./Core/LVGL/src/misc/lv_math.o
LOAD ./Core/LVGL/src/misc/lv_mem.o
LOAD ./Core/LVGL/src/misc/lv_printf.o
LOAD ./Core/LVGL/src/misc/lv_style.o
LOAD ./Core/LVGL/src/misc/lv_style_gen.o
LOAD ./Core/LVGL/src/misc/lv_templ.o
LOAD ./Core/LVGL/src/misc/lv_timer.o
LOAD ./Core/LVGL/src/misc/lv_tlsf.o
LOAD ./Core/LVGL/src/misc/lv_txt.o
LOAD ./Core/LVGL/src/misc/lv_txt_ap.o
LOAD ./Core/LVGL/src/misc/lv_utils.o
LOAD ./Core/LVGL/src/widgets/lv_arc.o
LOAD ./Core/LVGL/src/widgets/lv_bar.o
LOAD ./Core/LVGL/src/widgets/lv_btn.o
LOAD ./Core/LVGL/src/widgets/lv_btnmatrix.o
LOAD ./Core/LVGL/src/widgets/lv_canvas.o
LOAD ./Core/LVGL/src/widgets/lv_checkbox.o
LOAD ./Core/LVGL/src/widgets/lv_dropdown.o
LOAD ./Core/LVGL/src/widgets/lv_img.o
LOAD ./Core/LVGL/src/widgets/lv_label.o
LOAD ./Core/LVGL/src/widgets/lv_line.o
LOAD ./Core/LVGL/src/widgets/lv_objx_templ.o
LOAD ./Core/LVGL/src/widgets/lv_roller.o
LOAD ./Core/LVGL/src/widgets/lv_slider.o
LOAD ./Core/LVGL/src/widgets/lv_switch.o
LOAD ./Core/LVGL/src/widgets/lv_table.o
LOAD ./Core/LVGL/src/widgets/lv_textarea.o
LOAD ./Core/Src/GUI.o
LOAD ./Core/Src/audio_manager.o
LOAD ./Core/Src/chord_recognizer.o
LOAD ./Core/Src/keypad.o
LOAD ./Core/Src/lcd.o
LOAD ./Core/Src/led_control.o
LOAD ./Core/Src/main.o
LOAD ./Core/Src/stm32l4xx_hal_msp.o
LOAD ./Core/Src/stm32l4xx_it.o
LOAD ./Core/Src/syscalls.o
LOAD ./Core/Src/sysmem.o
LOAD ./Core/Src/system_stm32l4xx.o
LOAD ./Core/Src/ui_fsm.o
LOAD ./Core/Startup/startup_stm32l4r5zitxp.o
LOAD ./Core/custom/custom.o
LOAD ./Core/generated/events_init.o
LOAD ./Core/generated/gui_guider.o
LOAD ./Core/generated/setup_scr_screen_chord_demo.o
LOAD ./Core/generated/setup_scr_screen_logo.o
LOAD ./Core/generated/setup_scr_screen_menu.o
LOAD ./Core/generated/setup_scr_screen_set_choose.o
LOAD ./Core/generated/widgets_init.o
LOAD ./Core/generated/guider_fonts/lv_font_ArchitectsDaughter_12.o
LOAD ./Core/generated/guider_fonts/lv_font_ArchitectsDaughter_13.o
LOAD ./Core/generated/guider_fonts/lv_font_ArchitectsDaughter_16.o
LOAD ./Core/generated/guider_fonts/lv_font_ArchitectsDaughter_18.o
LOAD ./Core/generated/guider_fonts/lv_font_ArchitectsDaughter_20.o
LOAD ./Core/generated/guider_fonts/lv_font_ArchitectsDaughter_21.o
LOAD ./Core/generated/guider_fonts/lv_font_ArchitectsDaughter_22.o
LOAD ./Core/generated/guider_fonts/lv_font_ArchitectsDaughter_24.o
LOAD ./Core/generated/guider_fonts/lv_font_ArchitectsDaughter_26.o
LOAD ./Core/generated/guider_fonts/lv_font_ArchitectsDaughter_30.o
LOAD ./Core/generated/guider_fonts/lv_font_montserratMedium_16.o
LOAD ./Core/generated/guider_fonts/lv_font_montserratMedium_20.o
LOAD ./Core/generated/guider_fonts/lv_font_montserratMedium_22.o
LOAD ./Core/generated/guider_fonts/lv_font_montserratMedium_24.o
LOAD ./Core/generated/images/_Awesome_alpha_100x100.o
LOAD ./Core/generated/images/_Awful_alpha_100x100.o
LOAD ./Core/generated/images/_Good_alpha_100x100.o
LOAD ./Core/generated/images/_guitar_sized_alpha_480x320.o
LOAD ./Drivers/CMSIS/DSP/Source/BasicMathFunctions/arm_abs_f32.o
LOAD ./Drivers/CMSIS/DSP/Source/BasicMathFunctions/arm_abs_q15.o
LOAD ./Drivers/CMSIS/DSP/Source/BasicMathFunctions/arm_abs_q31.o
LOAD ./Drivers/CMSIS/DSP/Source/BasicMathFunctions/arm_abs_q7.o
LOAD ./Drivers/CMSIS/DSP/Source/BasicMathFunctions/arm_add_f32.o
LOAD ./Drivers/CMSIS/DSP/Source/BasicMathFunctions/arm_add_q15.o
LOAD ./Drivers/CMSIS/DSP/Source/BasicMathFunctions/arm_add_q31.o
LOAD ./Drivers/CMSIS/DSP/Source/BasicMathFunctions/arm_add_q7.o
LOAD ./Drivers/CMSIS/DSP/Source/BasicMathFunctions/arm_dot_prod_f32.o
LOAD ./Drivers/CMSIS/DSP/Source/BasicMathFunctions/arm_dot_prod_q15.o
LOAD ./Drivers/CMSIS/DSP/Source/BasicMathFunctions/arm_dot_prod_q31.o
LOAD ./Drivers/CMSIS/DSP/Source/BasicMathFunctions/arm_dot_prod_q7.o
LOAD ./Drivers/CMSIS/DSP/Source/BasicMathFunctions/arm_mult_f32.o
LOAD ./Drivers/CMSIS/DSP/Source/BasicMathFunctions/arm_mult_q15.o
LOAD ./Drivers/CMSIS/DSP/Source/BasicMathFunctions/arm_mult_q31.o
LOAD ./Drivers/CMSIS/DSP/Source/BasicMathFunctions/arm_mult_q7.o
LOAD ./Drivers/CMSIS/DSP/Source/BasicMathFunctions/arm_negate_f32.o
LOAD ./Drivers/CMSIS/DSP/Source/BasicMathFunctions/arm_negate_q15.o
LOAD ./Drivers/CMSIS/DSP/Source/BasicMathFunctions/arm_negate_q31.o
LOAD ./Drivers/CMSIS/DSP/Source/BasicMathFunctions/arm_negate_q7.o
LOAD ./Drivers/CMSIS/DSP/Source/BasicMathFunctions/arm_offset_f32.o
LOAD ./Drivers/CMSIS/DSP/Source/BasicMathFunctions/arm_offset_q15.o
LOAD ./Drivers/CMSIS/DSP/Source/BasicMathFunctions/arm_offset_q31.o
LOAD ./Drivers/CMSIS/DSP/Source/BasicMathFunctions/arm_offset_q7.o
LOAD ./Drivers/CMSIS/DSP/Source/BasicMathFunctions/arm_scale_f32.o
LOAD ./Drivers/CMSIS/DSP/Source/BasicMathFunctions/arm_scale_q15.o
LOAD ./Drivers/CMSIS/DSP/Source/BasicMathFunctions/arm_scale_q31.o
LOAD ./Drivers/CMSIS/DSP/Source/BasicMathFunctions/arm_scale_q7.o
LOAD ./Drivers/CMSIS/DSP/Source/BasicMathFunctions/arm_shift_q15.o
LOAD ./Drivers/CMSIS/DSP/Source/BasicMathFunctions/arm_shift_q31.o
LOAD ./Drivers/CMSIS/DSP/Source/BasicMathFunctions/arm_shift_q7.o
LOAD ./Drivers/CMSIS/DSP/Source/BasicMathFunctions/arm_sub_f32.o
LOAD ./Drivers/CMSIS/DSP/Source/BasicMathFunctions/arm_sub_q15.o
LOAD ./Drivers/CMSIS/DSP/Source/BasicMathFunctions/arm_sub_q31.o
LOAD ./Drivers/CMSIS/DSP/Source/BasicMathFunctions/arm_sub_q7.o
LOAD ./Drivers/CMSIS/DSP/Source/CommonTables/arm_common_tables.o
LOAD ./Drivers/CMSIS/DSP/Source/CommonTables/arm_const_structs.o
LOAD ./Drivers/CMSIS/DSP/Source/ComplexMathFunctions/arm_cmplx_conj_f32.o
LOAD ./Drivers/CMSIS/DSP/Source/ComplexMathFunctions/arm_cmplx_conj_q15.o
LOAD ./Drivers/CMSIS/DSP/Source/ComplexMathFunctions/arm_cmplx_conj_q31.o
LOAD ./Drivers/CMSIS/DSP/Source/ComplexMathFunctions/arm_cmplx_dot_prod_f32.o
LOAD ./Drivers/CMSIS/DSP/Source/ComplexMathFunctions/arm_cmplx_dot_prod_q15.o
LOAD ./Drivers/CMSIS/DSP/Source/ComplexMathFunctions/arm_cmplx_dot_prod_q31.o
LOAD ./Drivers/CMSIS/DSP/Source/ComplexMathFunctions/arm_cmplx_mag_f32.o
LOAD ./Drivers/CMSIS/DSP/Source/ComplexMathFunctions/arm_cmplx_mag_q15.o
LOAD ./Drivers/CMSIS/DSP/Source/ComplexMathFunctions/arm_cmplx_mag_q31.o
LOAD ./Drivers/CMSIS/DSP/Source/ComplexMathFunctions/arm_cmplx_mag_squared_f32.o
LOAD ./Drivers/CMSIS/DSP/Source/ComplexMathFunctions/arm_cmplx_mag_squared_q15.o
LOAD ./Drivers/CMSIS/DSP/Source/ComplexMathFunctions/arm_cmplx_mag_squared_q31.o
LOAD ./Drivers/CMSIS/DSP/Source/ComplexMathFunctions/arm_cmplx_mult_cmplx_f32.o
LOAD ./Drivers/CMSIS/DSP/Source/ComplexMathFunctions/arm_cmplx_mult_cmplx_q15.o
LOAD ./Drivers/CMSIS/DSP/Source/ComplexMathFunctions/arm_cmplx_mult_cmplx_q31.o
LOAD ./Drivers/CMSIS/DSP/Source/ComplexMathFunctions/arm_cmplx_mult_real_f32.o
LOAD ./Drivers/CMSIS/DSP/Source/ComplexMathFunctions/arm_cmplx_mult_real_q15.o
LOAD ./Drivers/CMSIS/DSP/Source/ComplexMathFunctions/arm_cmplx_mult_real_q31.o
LOAD ./Drivers/CMSIS/DSP/Source/ControllerFunctions/arm_pid_init_f32.o
LOAD ./Drivers/CMSIS/DSP/Source/ControllerFunctions/arm_pid_init_q15.o
LOAD ./Drivers/CMSIS/DSP/Source/ControllerFunctions/arm_pid_init_q31.o
LOAD ./Drivers/CMSIS/DSP/Source/ControllerFunctions/arm_pid_reset_f32.o
LOAD ./Drivers/CMSIS/DSP/Source/ControllerFunctions/arm_pid_reset_q15.o
LOAD ./Drivers/CMSIS/DSP/Source/ControllerFunctions/arm_pid_reset_q31.o
LOAD ./Drivers/CMSIS/DSP/Source/ControllerFunctions/arm_sin_cos_f32.o
LOAD ./Drivers/CMSIS/DSP/Source/ControllerFunctions/arm_sin_cos_q31.o
LOAD ./Drivers/CMSIS/DSP/Source/FastMathFunctions/arm_cos_f32.o
LOAD ./Drivers/CMSIS/DSP/Source/FastMathFunctions/arm_cos_q15.o
LOAD ./Drivers/CMSIS/DSP/Source/FastMathFunctions/arm_cos_q31.o
LOAD ./Drivers/CMSIS/DSP/Source/FastMathFunctions/arm_sin_f32.o
LOAD ./Drivers/CMSIS/DSP/Source/FastMathFunctions/arm_sin_q15.o
LOAD ./Drivers/CMSIS/DSP/Source/FastMathFunctions/arm_sin_q31.o
LOAD ./Drivers/CMSIS/DSP/Source/FastMathFunctions/arm_sqrt_q15.o
LOAD ./Drivers/CMSIS/DSP/Source/FastMathFunctions/arm_sqrt_q31.o
LOAD ./Drivers/CMSIS/DSP/Source/FilteringFunctions/arm_biquad_cascade_df1_32x64_init_q31.o
LOAD ./Drivers/CMSIS/DSP/Source/FilteringFunctions/arm_biquad_cascade_df1_32x64_q31.o
LOAD ./Drivers/CMSIS/DSP/Source/FilteringFunctions/arm_biquad_cascade_df1_f32.o
LOAD ./Drivers/CMSIS/DSP/Source/FilteringFunctions/arm_biquad_cascade_df1_fast_q15.o
LOAD ./Drivers/CMSIS/DSP/Source/FilteringFunctions/arm_biquad_cascade_df1_fast_q31.o
LOAD ./Drivers/CMSIS/DSP/Source/FilteringFunctions/arm_biquad_cascade_df1_init_f32.o
LOAD ./Drivers/CMSIS/DSP/Source/FilteringFunctions/arm_biquad_cascade_df1_init_q15.o
LOAD ./Drivers/CMSIS/DSP/Source/FilteringFunctions/arm_biquad_cascade_df1_init_q31.o
LOAD ./Drivers/CMSIS/DSP/Source/FilteringFunctions/arm_biquad_cascade_df1_q15.o
LOAD ./Drivers/CMSIS/DSP/Source/FilteringFunctions/arm_biquad_cascade_df1_q31.o
LOAD ./Drivers/CMSIS/DSP/Source/FilteringFunctions/arm_biquad_cascade_df2T_f32.o
LOAD ./Drivers/CMSIS/DSP/Source/FilteringFunctions/arm_biquad_cascade_df2T_f64.o
LOAD ./Drivers/CMSIS/DSP/Source/FilteringFunctions/arm_biquad_cascade_df2T_init_f32.o
LOAD ./Drivers/CMSIS/DSP/Source/FilteringFunctions/arm_biquad_cascade_df2T_init_f64.o
LOAD ./Drivers/CMSIS/DSP/Source/FilteringFunctions/arm_biquad_cascade_stereo_df2T_f32.o
LOAD ./Drivers/CMSIS/DSP/Source/FilteringFunctions/arm_biquad_cascade_stereo_df2T_init_f32.o
LOAD ./Drivers/CMSIS/DSP/Source/FilteringFunctions/arm_conv_f32.o
LOAD ./Drivers/CMSIS/DSP/Source/FilteringFunctions/arm_conv_fast_opt_q15.o
LOAD ./Drivers/CMSIS/DSP/Source/FilteringFunctions/arm_conv_fast_q15.o
LOAD ./Drivers/CMSIS/DSP/Source/FilteringFunctions/arm_conv_fast_q31.o
LOAD ./Drivers/CMSIS/DSP/Source/FilteringFunctions/arm_conv_opt_q15.o
LOAD ./Drivers/CMSIS/DSP/Source/FilteringFunctions/arm_conv_opt_q7.o
LOAD ./Drivers/CMSIS/DSP/Source/FilteringFunctions/arm_conv_partial_f32.o
LOAD ./Drivers/CMSIS/DSP/Source/FilteringFunctions/arm_conv_partial_fast_opt_q15.o
LOAD ./Drivers/CMSIS/DSP/Source/FilteringFunctions/arm_conv_partial_fast_q15.o
LOAD ./Drivers/CMSIS/DSP/Source/FilteringFunctions/arm_conv_partial_fast_q31.o
LOAD ./Drivers/CMSIS/DSP/Source/FilteringFunctions/arm_conv_partial_opt_q15.o
LOAD ./Drivers/CMSIS/DSP/Source/FilteringFunctions/arm_conv_partial_opt_q7.o
LOAD ./Drivers/CMSIS/DSP/Source/FilteringFunctions/arm_conv_partial_q15.o
LOAD ./Drivers/CMSIS/DSP/Source/FilteringFunctions/arm_conv_partial_q31.o
LOAD ./Drivers/CMSIS/DSP/Source/FilteringFunctions/arm_conv_partial_q7.o
LOAD ./Drivers/CMSIS/DSP/Source/FilteringFunctions/arm_conv_q15.o
LOAD ./Drivers/CMSIS/DSP/Source/FilteringFunctions/arm_conv_q31.o
LOAD ./Drivers/CMSIS/DSP/Source/FilteringFunctions/arm_conv_q7.o
LOAD ./Drivers/CMSIS/DSP/Source/FilteringFunctions/arm_correlate_f32.o
LOAD ./Drivers/CMSIS/DSP/Source/FilteringFunctions/arm_correlate_fast_opt_q15.o
LOAD ./Drivers/CMSIS/DSP/Source/FilteringFunctions/arm_correlate_fast_q15.o
LOAD ./Drivers/CMSIS/DSP/Source/FilteringFunctions/arm_correlate_fast_q31.o
LOAD ./Drivers/CMSIS/DSP/Source/FilteringFunctions/arm_correlate_opt_q15.o
LOAD ./Drivers/CMSIS/DSP/Source/FilteringFunctions/arm_correlate_opt_q7.o
LOAD ./Drivers/CMSIS/DSP/Source/FilteringFunctions/arm_correlate_q15.o
LOAD ./Drivers/CMSIS/DSP/Source/FilteringFunctions/arm_correlate_q31.o
LOAD ./Drivers/CMSIS/DSP/Source/FilteringFunctions/arm_correlate_q7.o
LOAD ./Drivers/CMSIS/DSP/Source/FilteringFunctions/arm_fir_decimate_f32.o
LOAD ./Drivers/CMSIS/DSP/Source/FilteringFunctions/arm_fir_decimate_fast_q15.o
LOAD ./Drivers/CMSIS/DSP/Source/FilteringFunctions/arm_fir_decimate_fast_q31.o
LOAD ./Drivers/CMSIS/DSP/Source/FilteringFunctions/arm_fir_decimate_init_f32.o
LOAD ./Drivers/CMSIS/DSP/Source/FilteringFunctions/arm_fir_decimate_init_q15.o
LOAD ./Drivers/CMSIS/DSP/Source/FilteringFunctions/arm_fir_decimate_init_q31.o
LOAD ./Drivers/CMSIS/DSP/Source/FilteringFunctions/arm_fir_decimate_q15.o
LOAD ./Drivers/CMSIS/DSP/Source/FilteringFunctions/arm_fir_decimate_q31.o
LOAD ./Drivers/CMSIS/DSP/Source/FilteringFunctions/arm_fir_f32.o
LOAD ./Drivers/CMSIS/DSP/Source/FilteringFunctions/arm_fir_fast_q15.o
LOAD ./Drivers/CMSIS/DSP/Source/FilteringFunctions/arm_fir_fast_q31.o
LOAD ./Drivers/CMSIS/DSP/Source/FilteringFunctions/arm_fir_init_f32.o
LOAD ./Drivers/CMSIS/DSP/Source/FilteringFunctions/arm_fir_init_q15.o
LOAD ./Drivers/CMSIS/DSP/Source/FilteringFunctions/arm_fir_init_q31.o
LOAD ./Drivers/CMSIS/DSP/Source/FilteringFunctions/arm_fir_init_q7.o
LOAD ./Drivers/CMSIS/DSP/Source/FilteringFunctions/arm_fir_interpolate_f32.o
LOAD ./Drivers/CMSIS/DSP/Source/FilteringFunctions/arm_fir_interpolate_init_f32.o
LOAD ./Drivers/CMSIS/DSP/Source/FilteringFunctions/arm_fir_interpolate_init_q15.o
LOAD ./Drivers/CMSIS/DSP/Source/FilteringFunctions/arm_fir_interpolate_init_q31.o
LOAD ./Drivers/CMSIS/DSP/Source/FilteringFunctions/arm_fir_interpolate_q15.o
LOAD ./Drivers/CMSIS/DSP/Source/FilteringFunctions/arm_fir_interpolate_q31.o
LOAD ./Drivers/CMSIS/DSP/Source/FilteringFunctions/arm_fir_lattice_f32.o
LOAD ./Drivers/CMSIS/DSP/Source/FilteringFunctions/arm_fir_lattice_init_f32.o
LOAD ./Drivers/CMSIS/DSP/Source/FilteringFunctions/arm_fir_lattice_init_q15.o
LOAD ./Drivers/CMSIS/DSP/Source/FilteringFunctions/arm_fir_lattice_init_q31.o
LOAD ./Drivers/CMSIS/DSP/Source/FilteringFunctions/arm_fir_lattice_q15.o
LOAD ./Drivers/CMSIS/DSP/Source/FilteringFunctions/arm_fir_lattice_q31.o
LOAD ./Drivers/CMSIS/DSP/Source/FilteringFunctions/arm_fir_q15.o
LOAD ./Drivers/CMSIS/DSP/Source/FilteringFunctions/arm_fir_q31.o
LOAD ./Drivers/CMSIS/DSP/Source/FilteringFunctions/arm_fir_q7.o
LOAD ./Drivers/CMSIS/DSP/Source/FilteringFunctions/arm_fir_sparse_f32.o
LOAD ./Drivers/CMSIS/DSP/Source/FilteringFunctions/arm_fir_sparse_init_f32.o
LOAD ./Drivers/CMSIS/DSP/Source/FilteringFunctions/arm_fir_sparse_init_q15.o
LOAD ./Drivers/CMSIS/DSP/Source/FilteringFunctions/arm_fir_sparse_init_q31.o
LOAD ./Drivers/CMSIS/DSP/Source/FilteringFunctions/arm_fir_sparse_init_q7.o
LOAD ./Drivers/CMSIS/DSP/Source/FilteringFunctions/arm_fir_sparse_q15.o
LOAD ./Drivers/CMSIS/DSP/Source/FilteringFunctions/arm_fir_sparse_q31.o
LOAD ./Drivers/CMSIS/DSP/Source/FilteringFunctions/arm_fir_sparse_q7.o
LOAD ./Drivers/CMSIS/DSP/Source/FilteringFunctions/arm_iir_lattice_f32.o
LOAD ./Drivers/CMSIS/DSP/Source/FilteringFunctions/arm_iir_lattice_init_f32.o
LOAD ./Drivers/CMSIS/DSP/Source/FilteringFunctions/arm_iir_lattice_init_q15.o
LOAD ./Drivers/CMSIS/DSP/Source/FilteringFunctions/arm_iir_lattice_init_q31.o
LOAD ./Drivers/CMSIS/DSP/Source/FilteringFunctions/arm_iir_lattice_q15.o
LOAD ./Drivers/CMSIS/DSP/Source/FilteringFunctions/arm_iir_lattice_q31.o
LOAD ./Drivers/CMSIS/DSP/Source/FilteringFunctions/arm_lms_f32.o
LOAD ./Drivers/CMSIS/DSP/Source/FilteringFunctions/arm_lms_init_f32.o
LOAD ./Drivers/CMSIS/DSP/Source/FilteringFunctions/arm_lms_init_q15.o
LOAD ./Drivers/CMSIS/DSP/Source/FilteringFunctions/arm_lms_init_q31.o
LOAD ./Drivers/CMSIS/DSP/Source/FilteringFunctions/arm_lms_norm_f32.o
LOAD ./Drivers/CMSIS/DSP/Source/FilteringFunctions/arm_lms_norm_init_f32.o
LOAD ./Drivers/CMSIS/DSP/Source/FilteringFunctions/arm_lms_norm_init_q15.o
LOAD ./Drivers/CMSIS/DSP/Source/FilteringFunctions/arm_lms_norm_init_q31.o
LOAD ./Drivers/CMSIS/DSP/Source/FilteringFunctions/arm_lms_norm_q15.o
LOAD ./Drivers/CMSIS/DSP/Source/FilteringFunctions/arm_lms_norm_q31.o
LOAD ./Drivers/CMSIS/DSP/Source/FilteringFunctions/arm_lms_q15.o
LOAD ./Drivers/CMSIS/DSP/Source/FilteringFunctions/arm_lms_q31.o
LOAD ./Drivers/CMSIS/DSP/Source/MatrixFunctions/arm_mat_add_f32.o
LOAD ./Drivers/CMSIS/DSP/Source/MatrixFunctions/arm_mat_add_q15.o
LOAD ./Drivers/CMSIS/DSP/Source/MatrixFunctions/arm_mat_add_q31.o
LOAD ./Drivers/CMSIS/DSP/Source/MatrixFunctions/arm_mat_cmplx_mult_f32.o
LOAD ./Drivers/CMSIS/DSP/Source/MatrixFunctions/arm_mat_cmplx_mult_q15.o
LOAD ./Drivers/CMSIS/DSP/Source/MatrixFunctions/arm_mat_cmplx_mult_q31.o
LOAD ./Drivers/CMSIS/DSP/Source/MatrixFunctions/arm_mat_init_f32.o
LOAD ./Drivers/CMSIS/DSP/Source/MatrixFunctions/arm_mat_init_q15.o
LOAD ./Drivers/CMSIS/DSP/Source/MatrixFunctions/arm_mat_init_q31.o
LOAD ./Drivers/CMSIS/DSP/Source/MatrixFunctions/arm_mat_inverse_f32.o
LOAD ./Drivers/CMSIS/DSP/Source/MatrixFunctions/arm_mat_inverse_f64.o
LOAD ./Drivers/CMSIS/DSP/Source/MatrixFunctions/arm_mat_mult_f32.o
LOAD ./Drivers/CMSIS/DSP/Source/MatrixFunctions/arm_mat_mult_fast_q15.o
LOAD ./Drivers/CMSIS/DSP/Source/MatrixFunctions/arm_mat_mult_fast_q31.o
LOAD ./Drivers/CMSIS/DSP/Source/MatrixFunctions/arm_mat_mult_q15.o
LOAD ./Drivers/CMSIS/DSP/Source/MatrixFunctions/arm_mat_mult_q31.o
LOAD ./Drivers/CMSIS/DSP/Source/MatrixFunctions/arm_mat_scale_f32.o
LOAD ./Drivers/CMSIS/DSP/Source/MatrixFunctions/arm_mat_scale_q15.o
LOAD ./Drivers/CMSIS/DSP/Source/MatrixFunctions/arm_mat_scale_q31.o
LOAD ./Drivers/CMSIS/DSP/Source/MatrixFunctions/arm_mat_sub_f32.o
LOAD ./Drivers/CMSIS/DSP/Source/MatrixFunctions/arm_mat_sub_q15.o
LOAD ./Drivers/CMSIS/DSP/Source/MatrixFunctions/arm_mat_sub_q31.o
LOAD ./Drivers/CMSIS/DSP/Source/MatrixFunctions/arm_mat_trans_f32.o
LOAD ./Drivers/CMSIS/DSP/Source/MatrixFunctions/arm_mat_trans_q15.o
LOAD ./Drivers/CMSIS/DSP/Source/MatrixFunctions/arm_mat_trans_q31.o
LOAD ./Drivers/CMSIS/DSP/Source/StatisticsFunctions/arm_max_f32.o
LOAD ./Drivers/CMSIS/DSP/Source/StatisticsFunctions/arm_max_q15.o
LOAD ./Drivers/CMSIS/DSP/Source/StatisticsFunctions/arm_max_q31.o
LOAD ./Drivers/CMSIS/DSP/Source/StatisticsFunctions/arm_max_q7.o
LOAD ./Drivers/CMSIS/DSP/Source/StatisticsFunctions/arm_mean_f32.o
LOAD ./Drivers/CMSIS/DSP/Source/StatisticsFunctions/arm_mean_q15.o
LOAD ./Drivers/CMSIS/DSP/Source/StatisticsFunctions/arm_mean_q31.o
LOAD ./Drivers/CMSIS/DSP/Source/StatisticsFunctions/arm_mean_q7.o
LOAD ./Drivers/CMSIS/DSP/Source/StatisticsFunctions/arm_min_f32.o
LOAD ./Drivers/CMSIS/DSP/Source/StatisticsFunctions/arm_min_q15.o
LOAD ./Drivers/CMSIS/DSP/Source/StatisticsFunctions/arm_min_q31.o
LOAD ./Drivers/CMSIS/DSP/Source/StatisticsFunctions/arm_min_q7.o
LOAD ./Drivers/CMSIS/DSP/Source/StatisticsFunctions/arm_power_f32.o
LOAD ./Drivers/CMSIS/DSP/Source/StatisticsFunctions/arm_power_q15.o
LOAD ./Drivers/CMSIS/DSP/Source/StatisticsFunctions/arm_power_q31.o
LOAD ./Drivers/CMSIS/DSP/Source/StatisticsFunctions/arm_power_q7.o
LOAD ./Drivers/CMSIS/DSP/Source/StatisticsFunctions/arm_rms_f32.o
LOAD ./Drivers/CMSIS/DSP/Source/StatisticsFunctions/arm_rms_q15.o
LOAD ./Drivers/CMSIS/DSP/Source/StatisticsFunctions/arm_rms_q31.o
LOAD ./Drivers/CMSIS/DSP/Source/StatisticsFunctions/arm_std_f32.o
LOAD ./Drivers/CMSIS/DSP/Source/StatisticsFunctions/arm_std_q15.o
LOAD ./Drivers/CMSIS/DSP/Source/StatisticsFunctions/arm_std_q31.o
LOAD ./Drivers/CMSIS/DSP/Source/StatisticsFunctions/arm_var_f32.o
LOAD ./Drivers/CMSIS/DSP/Source/StatisticsFunctions/arm_var_q15.o
LOAD ./Drivers/CMSIS/DSP/Source/StatisticsFunctions/arm_var_q31.o
LOAD ./Drivers/CMSIS/DSP/Source/SupportFunctions/arm_copy_f32.o
LOAD ./Drivers/CMSIS/DSP/Source/SupportFunctions/arm_copy_q15.o
LOAD ./Drivers/CMSIS/DSP/Source/SupportFunctions/arm_copy_q31.o
LOAD ./Drivers/CMSIS/DSP/Source/SupportFunctions/arm_copy_q7.o
LOAD ./Drivers/CMSIS/DSP/Source/SupportFunctions/arm_fill_f32.o
LOAD ./Drivers/CMSIS/DSP/Source/SupportFunctions/arm_fill_q15.o
LOAD ./Drivers/CMSIS/DSP/Source/SupportFunctions/arm_fill_q31.o
LOAD ./Drivers/CMSIS/DSP/Source/SupportFunctions/arm_fill_q7.o
LOAD ./Drivers/CMSIS/DSP/Source/SupportFunctions/arm_float_to_q15.o
LOAD ./Drivers/CMSIS/DSP/Source/SupportFunctions/arm_float_to_q31.o
LOAD ./Drivers/CMSIS/DSP/Source/SupportFunctions/arm_float_to_q7.o
LOAD ./Drivers/CMSIS/DSP/Source/SupportFunctions/arm_q15_to_float.o
LOAD ./Drivers/CMSIS/DSP/Source/SupportFunctions/arm_q15_to_q31.o
LOAD ./Drivers/CMSIS/DSP/Source/SupportFunctions/arm_q15_to_q7.o
LOAD ./Drivers/CMSIS/DSP/Source/SupportFunctions/arm_q31_to_float.o
LOAD ./Drivers/CMSIS/DSP/Source/SupportFunctions/arm_q31_to_q15.o
LOAD ./Drivers/CMSIS/DSP/Source/SupportFunctions/arm_q31_to_q7.o
LOAD ./Drivers/CMSIS/DSP/Source/SupportFunctions/arm_q7_to_float.o
LOAD ./Drivers/CMSIS/DSP/Source/SupportFunctions/arm_q7_to_q15.o
LOAD ./Drivers/CMSIS/DSP/Source/SupportFunctions/arm_q7_to_q31.o
LOAD ./Drivers/CMSIS/DSP/Source/TransformFunctions/arm_bitreversal.o
LOAD ./Drivers/CMSIS/DSP/Source/TransformFunctions/arm_bitreversal2.o
LOAD ./Drivers/CMSIS/DSP/Source/TransformFunctions/arm_cfft_f32.o
LOAD ./Drivers/CMSIS/DSP/Source/TransformFunctions/arm_cfft_q15.o
LOAD ./Drivers/CMSIS/DSP/Source/TransformFunctions/arm_cfft_q31.o
LOAD ./Drivers/CMSIS/DSP/Source/TransformFunctions/arm_cfft_radix2_f32.o
LOAD ./Drivers/CMSIS/DSP/Source/TransformFunctions/arm_cfft_radix2_init_f32.o
LOAD ./Drivers/CMSIS/DSP/Source/TransformFunctions/arm_cfft_radix2_init_q15.o
LOAD ./Drivers/CMSIS/DSP/Source/TransformFunctions/arm_cfft_radix2_init_q31.o
LOAD ./Drivers/CMSIS/DSP/Source/TransformFunctions/arm_cfft_radix2_q15.o
LOAD ./Drivers/CMSIS/DSP/Source/TransformFunctions/arm_cfft_radix2_q31.o
LOAD ./Drivers/CMSIS/DSP/Source/TransformFunctions/arm_cfft_radix4_f32.o
LOAD ./Drivers/CMSIS/DSP/Source/TransformFunctions/arm_cfft_radix4_init_f32.o
LOAD ./Drivers/CMSIS/DSP/Source/TransformFunctions/arm_cfft_radix4_init_q15.o
LOAD ./Drivers/CMSIS/DSP/Source/TransformFunctions/arm_cfft_radix4_init_q31.o
LOAD ./Drivers/CMSIS/DSP/Source/TransformFunctions/arm_cfft_radix4_q15.o
LOAD ./Drivers/CMSIS/DSP/Source/TransformFunctions/arm_cfft_radix4_q31.o
LOAD ./Drivers/CMSIS/DSP/Source/TransformFunctions/arm_cfft_radix8_f32.o
LOAD ./Drivers/CMSIS/DSP/Source/TransformFunctions/arm_dct4_f32.o
LOAD ./Drivers/CMSIS/DSP/Source/TransformFunctions/arm_dct4_init_f32.o
LOAD ./Drivers/CMSIS/DSP/Source/TransformFunctions/arm_dct4_init_q15.o
LOAD ./Drivers/CMSIS/DSP/Source/TransformFunctions/arm_dct4_init_q31.o
LOAD ./Drivers/CMSIS/DSP/Source/TransformFunctions/arm_dct4_q15.o
LOAD ./Drivers/CMSIS/DSP/Source/TransformFunctions/arm_dct4_q31.o
LOAD ./Drivers/CMSIS/DSP/Source/TransformFunctions/arm_rfft_f32.o
LOAD ./Drivers/CMSIS/DSP/Source/TransformFunctions/arm_rfft_fast_f32.o
LOAD ./Drivers/CMSIS/DSP/Source/TransformFunctions/arm_rfft_fast_init_f32.o
LOAD ./Drivers/CMSIS/DSP/Source/TransformFunctions/arm_rfft_init_f32.o
LOAD ./Drivers/CMSIS/DSP/Source/TransformFunctions/arm_rfft_init_q15.o
LOAD ./Drivers/CMSIS/DSP/Source/TransformFunctions/arm_rfft_init_q31.o
LOAD ./Drivers/CMSIS/DSP/Source/TransformFunctions/arm_rfft_q15.o
LOAD ./Drivers/CMSIS/DSP/Source/TransformFunctions/arm_rfft_q31.o
LOAD ./Drivers/STM32L4xx_HAL_Driver/Src/stm32l4xx_hal.o
LOAD ./Drivers/STM32L4xx_HAL_Driver/Src/stm32l4xx_hal_adc.o
LOAD ./Drivers/STM32L4xx_HAL_Driver/Src/stm32l4xx_hal_adc_ex.o
LOAD ./Drivers/STM32L4xx_HAL_Driver/Src/stm32l4xx_hal_cortex.o
LOAD ./Drivers/STM32L4xx_HAL_Driver/Src/stm32l4xx_hal_dac.o
LOAD ./Drivers/STM32L4xx_HAL_Driver/Src/stm32l4xx_hal_dac_ex.o
LOAD ./Drivers/STM32L4xx_HAL_Driver/Src/stm32l4xx_hal_dma.o
LOAD ./Drivers/STM32L4xx_HAL_Driver/Src/stm32l4xx_hal_dma_ex.o
LOAD ./Drivers/STM32L4xx_HAL_Driver/Src/stm32l4xx_hal_exti.o
LOAD ./Drivers/STM32L4xx_HAL_Driver/Src/stm32l4xx_hal_flash.o
LOAD ./Drivers/STM32L4xx_HAL_Driver/Src/stm32l4xx_hal_flash_ex.o
LOAD ./Drivers/STM32L4xx_HAL_Driver/Src/stm32l4xx_hal_flash_ramfunc.o
LOAD ./Drivers/STM32L4xx_HAL_Driver/Src/stm32l4xx_hal_gpio.o
LOAD ./Drivers/STM32L4xx_HAL_Driver/Src/stm32l4xx_hal_i2c.o
LOAD ./Drivers/STM32L4xx_HAL_Driver/Src/stm32l4xx_hal_i2c_ex.o
LOAD ./Drivers/STM32L4xx_HAL_Driver/Src/stm32l4xx_hal_pwr.o
LOAD ./Drivers/STM32L4xx_HAL_Driver/Src/stm32l4xx_hal_pwr_ex.o
LOAD ./Drivers/STM32L4xx_HAL_Driver/Src/stm32l4xx_hal_rcc.o
LOAD ./Drivers/STM32L4xx_HAL_Driver/Src/stm32l4xx_hal_rcc_ex.o
LOAD ./Drivers/STM32L4xx_HAL_Driver/Src/stm32l4xx_hal_spi.o
LOAD ./Drivers/STM32L4xx_HAL_Driver/Src/stm32l4xx_hal_spi_ex.o
LOAD ./Drivers/STM32L4xx_HAL_Driver/Src/stm32l4xx_hal_tim.o
LOAD ./Drivers/STM32L4xx_HAL_Driver/Src/stm32l4xx_hal_tim_ex.o
LOAD ./Drivers/STM32L4xx_HAL_Driver/Src/stm32l4xx_hal_uart.o
LOAD ./Drivers/STM32L4xx_HAL_Driver/Src/stm32l4xx_hal_uart_ex.o
START GROUP
LOAD C:/ST/STM32CubeIDE_1.19.0/STM32CubeIDE/plugins/com.st.stm32cube.ide.mcu.externaltools.gnu-tools-for-stm32.13.3.rel1.win32_1.0.0.202411081344/tools/bin/../lib/gcc/arm-none-eabi/13.3.1/../../../../arm-none-eabi/lib/thumb/v7e-m+fp/hard\libc_nano.a
LOAD C:/ST/STM32CubeIDE_1.19.0/STM32CubeIDE/plugins/com.st.stm32cube.ide.mcu.externaltools.gnu-tools-for-stm32.13.3.rel1.win32_1.0.0.202411081344/tools/bin/../lib/gcc/arm-none-eabi/13.3.1/../../../../arm-none-eabi/lib/thumb/v7e-m+fp/hard\libm.a
END GROUP
START GROUP
LOAD C:/ST/STM32CubeIDE_1.19.0/STM32CubeIDE/plugins/com.st.stm32cube.ide.mcu.externaltools.gnu-tools-for-stm32.13.3.rel1.win32_1.0.0.202411081344/tools/bin/../lib/gcc/arm-none-eabi/13.3.1/thumb/v7e-m+fp/hard\libgcc.a
LOAD C:/ST/STM32CubeIDE_1.19.0/STM32CubeIDE/plugins/com.st.stm32cube.ide.mcu.externaltools.gnu-tools-for-stm32.13.3.rel1.win32_1.0.0.202411081344/tools/bin/../lib/gcc/arm-none-eabi/13.3.1/../../../../arm-none-eabi/lib/thumb/v7e-m+fp/hard\libc_nano.a
END GROUP
START GROUP
LOAD C:/ST/STM32CubeIDE_1.19.0/STM32CubeIDE/plugins/com.st.stm32cube.ide.mcu.externaltools.gnu-tools-for-stm32.13.3.rel1.win32_1.0.0.202411081344/tools/bin/../lib/gcc/arm-none-eabi/13.3.1/thumb/v7e-m+fp/hard\libgcc.a
LOAD C:/ST/STM32CubeIDE_1.19.0/STM32CubeIDE/plugins/com.st.stm32cube.ide.mcu.externaltools.gnu-tools-for-stm32.13.3.rel1.win32_1.0.0.202411081344/tools/bin/../lib/gcc/arm-none-eabi/13.3.1/../../../../arm-none-eabi/lib/thumb/v7e-m+fp/hard\libc_nano.a
LOAD C:/ST/STM32CubeIDE_1.19.0/STM32CubeIDE/plugins/com.st.stm32cube.ide.mcu.externaltools.gnu-tools-for-stm32.13.3.rel1.win32_1.0.0.202411081344/tools/bin/../lib/gcc/arm-none-eabi/13.3.1/../../../../arm-none-eabi/lib/thumb/v7e-m+fp/hard\libnosys.a
END GROUP
START GROUP
LOAD C:/ST/STM32CubeIDE_1.19.0/STM32CubeIDE/plugins/com.st.stm32cube.ide.mcu.externaltools.gnu-tools-for-stm32.13.3.rel1.win32_1.0.0.202411081344/tools/bin/../lib/gcc/arm-none-eabi/13.3.1/thumb/v7e-m+fp/hard\libgcc.a
LOAD C:/ST/STM32CubeIDE_1.19.0/STM32CubeIDE/plugins/com.st.stm32cube.ide.mcu.externaltools.gnu-tools-for-stm32.13.3.rel1.win32_1.0.0.202411081344/tools/bin/../lib/gcc/arm-none-eabi/13.3.1/../../../../arm-none-eabi/lib/thumb/v7e-m+fp/hard\libc_nano.a
LOAD C:/ST/STM32CubeIDE_1.19.0/STM32CubeIDE/plugins/com.st.stm32cube.ide.mcu.externaltools.gnu-tools-for-stm32.13.3.rel1.win32_1.0.0.202411081344/tools/bin/../lib/gcc/arm-none-eabi/13.3.1/../../../../arm-none-eabi/lib/thumb/v7e-m+fp/hard\libnosys.a
END GROUP
LOAD C:/ST/STM32CubeIDE_1.19.0/STM32CubeIDE/plugins/com.st.stm32cube.ide.mcu.externaltools.gnu-tools-for-stm32.13.3.rel1.win32_1.0.0.202411081344/tools/bin/../lib/gcc/arm-none-eabi/13.3.1/thumb/v7e-m+fp/hard/crtend.o
LOAD C:/ST/STM32CubeIDE_1.19.0/STM32CubeIDE/plugins/com.st.stm32cube.ide.mcu.externaltools.gnu-tools-for-stm32.13.3.rel1.win32_1.0.0.202411081344/tools/bin/../lib/gcc/arm-none-eabi/13.3.1/thumb/v7e-m+fp/hard/crtn.o
                0x200a0000                        _estack = (ORIGIN (RAM3) + LENGTH (RAM3))
                0x00000200                        _Min_Heap_Size = 0x200
                0x00000400                        _Min_Stack_Size = 0x400

.isr_vector     0x08000000      0x1bc
                0x08000000                        . = ALIGN (0x4)
 *(.isr_vector)
 .isr_vector    0x08000000      0x1bc ./Core/Startup/startup_stm32l4r5zitxp.o
                0x08000000                g_pfnVectors
                0x080001bc                        . = ALIGN (0x4)

.text           0x080001c0    0x3fa00
                0x080001c0                        . = ALIGN (0x4)
 *(.text)
 .text          0x080001c0       0x40 C:/ST/STM32CubeIDE_1.19.0/STM32CubeIDE/plugins/com.st.stm32cube.ide.mcu.externaltools.gnu-tools-for-stm32.13.3.rel1.win32_1.0.0.202411081344/tools/bin/../lib/gcc/arm-none-eabi/13.3.1/thumb/v7e-m+fp/hard/crtbegin.o
 .text          0x08000200       0x14 C:/ST/STM32CubeIDE_1.19.0/STM32CubeIDE/plugins/com.st.stm32cube.ide.mcu.externaltools.gnu-tools-for-stm32.13.3.rel1.win32_1.0.0.202411081344/tools/bin/../lib/gcc/arm-none-eabi/13.3.1/../../../../arm-none-eabi/lib/thumb/v7e-m+fp/hard\libc_nano.a(libc_a-strcmp.o)
                0x08000200                strcmp
 *fill*         0x08000214        0xc 
 .text          0x08000220       0xa0 C:/ST/STM32CubeIDE_1.19.0/STM32CubeIDE/plugins/com.st.stm32cube.ide.mcu.externaltools.gnu-tools-for-stm32.13.3.rel1.win32_1.0.0.202411081344/tools/bin/../lib/gcc/arm-none-eabi/13.3.1/../../../../arm-none-eabi/lib/thumb/v7e-m+fp/hard\libc_nano.a(libc_a-memchr.o)
                0x08000220                memchr
 .text          0x080002c0       0x10 C:/ST/STM32CubeIDE_1.19.0/STM32CubeIDE/plugins/com.st.stm32cube.ide.mcu.externaltools.gnu-tools-for-stm32.13.3.rel1.win32_1.0.0.202411081344/tools/bin/../lib/gcc/arm-none-eabi/13.3.1/../../../../arm-none-eabi/lib/thumb/v7e-m+fp/hard\libc_nano.a(libc_a-strlen.o)
                0x080002c0                strlen
 .text          0x080002d0      0x378 C:/ST/STM32CubeIDE_1.19.0/STM32CubeIDE/plugins/com.st.stm32cube.ide.mcu.externaltools.gnu-tools-for-stm32.13.3.rel1.win32_1.0.0.202411081344/tools/bin/../lib/gcc/arm-none-eabi/13.3.1/thumb/v7e-m+fp/hard\libgcc.a(_arm_addsubdf3.o)
                0x080002d0                __aeabi_drsub
                0x080002d8                __aeabi_dsub
                0x080002d8                __subdf3
                0x080002dc                __aeabi_dadd
                0x080002dc                __adddf3
                0x08000554                __floatunsidf
                0x08000554                __aeabi_ui2d
                0x08000574                __floatsidf
                0x08000574                __aeabi_i2d
                0x08000598                __aeabi_f2d
                0x08000598                __extendsfdf2
                0x080005dc                __floatundidf
                0x080005dc                __aeabi_ul2d
                0x080005ec                __floatdidf
                0x080005ec                __aeabi_l2d
 .text          0x08000648      0x424 C:/ST/STM32CubeIDE_1.19.0/STM32CubeIDE/plugins/com.st.stm32cube.ide.mcu.externaltools.gnu-tools-for-stm32.13.3.rel1.win32_1.0.0.202411081344/tools/bin/../lib/gcc/arm-none-eabi/13.3.1/thumb/v7e-m+fp/hard\libgcc.a(_arm_muldivdf3.o)
                0x08000648                __aeabi_dmul
                0x08000648                __muldf3
                0x0800089c                __divdf3
                0x0800089c                __aeabi_ddiv
 .text          0x08000a6c      0x110 C:/ST/STM32CubeIDE_1.19.0/STM32CubeIDE/plugins/com.st.stm32cube.ide.mcu.externaltools.gnu-tools-for-stm32.13.3.rel1.win32_1.0.0.202411081344/tools/bin/../lib/gcc/arm-none-eabi/13.3.1/thumb/v7e-m+fp/hard\libgcc.a(_arm_cmpdf2.o)
                0x08000a6c                __gtdf2
                0x08000a6c                __gedf2
                0x08000a74                __ltdf2
                0x08000a74                __ledf2
                0x08000a7c                __nedf2
                0x08000a7c                __eqdf2
                0x08000a7c                __cmpdf2
                0x08000af8                __aeabi_cdrcmple
                0x08000b08                __aeabi_cdcmpeq
                0x08000b08                __aeabi_cdcmple
                0x08000b18                __aeabi_dcmpeq
                0x08000b2c                __aeabi_dcmplt
                0x08000b40                __aeabi_dcmple
                0x08000b54                __aeabi_dcmpge
                0x08000b68                __aeabi_dcmpgt
 .text          0x08000b7c       0x2c C:/ST/STM32CubeIDE_1.19.0/STM32CubeIDE/plugins/com.st.stm32cube.ide.mcu.externaltools.gnu-tools-for-stm32.13.3.rel1.win32_1.0.0.202411081344/tools/bin/../lib/gcc/arm-none-eabi/13.3.1/thumb/v7e-m+fp/hard\libgcc.a(_arm_unorddf2.o)
                0x08000b7c                __unorddf2
                0x08000b7c                __aeabi_dcmpun
 .text          0x08000ba8       0x50 C:/ST/STM32CubeIDE_1.19.0/STM32CubeIDE/plugins/com.st.stm32cube.ide.mcu.externaltools.gnu-tools-for-stm32.13.3.rel1.win32_1.0.0.202411081344/tools/bin/../lib/gcc/arm-none-eabi/13.3.1/thumb/v7e-m+fp/hard\libgcc.a(_arm_fixdfsi.o)
                0x08000ba8                __aeabi_d2iz
                0x08000ba8                __fixdfsi
 .text          0x08000bf8       0x30 C:/ST/STM32CubeIDE_1.19.0/STM32CubeIDE/plugins/com.st.stm32cube.ide.mcu.externaltools.gnu-tools-for-stm32.13.3.rel1.win32_1.0.0.202411081344/tools/bin/../lib/gcc/arm-none-eabi/13.3.1/thumb/v7e-m+fp/hard\libgcc.a(_aeabi_uldivmod.o)
                0x08000bf8                __aeabi_uldivmod
 .text          0x08000c28      0x2f8 C:/ST/STM32CubeIDE_1.19.0/STM32CubeIDE/plugins/com.st.stm32cube.ide.mcu.externaltools.gnu-tools-for-stm32.13.3.rel1.win32_1.0.0.202411081344/tools/bin/../lib/gcc/arm-none-eabi/13.3.1/thumb/v7e-m+fp/hard\libgcc.a(_udivmoddi4.o)
                0x08000c28                __udivmoddi4
 .text          0x08000f20        0x4 C:/ST/STM32CubeIDE_1.19.0/STM32CubeIDE/plugins/com.st.stm32cube.ide.mcu.externaltools.gnu-tools-for-stm32.13.3.rel1.win32_1.0.0.202411081344/tools/bin/../lib/gcc/arm-none-eabi/13.3.1/thumb/v7e-m+fp/hard\libgcc.a(_dvmd_tls.o)
                0x08000f20                __aeabi_idiv0
                0x08000f20                __aeabi_ldiv0
 *(.text*)
 .text.disp_flush
                0x08000f24       0x98 ./Core/LVGL/porting/lv_port_disp.o
 .text.lv_port_disp_init
                0x08000fbc       0x44 ./Core/LVGL/porting/lv_port_disp.o
                0x08000fbc                lv_port_disp_init
 .text.scr_load_anim_start
                0x08001000       0x20 ./Core/LVGL/src/core/lv_disp.o
 .text.opa_scale_anim
                0x08001020        0x8 ./Core/LVGL/src/core/lv_disp.o
 .text.set_y_anim
                0x08001028        0x8 ./Core/LVGL/src/core/lv_disp.o
 .text.set_x_anim
                0x08001030        0x8 ./Core/LVGL/src/core/lv_disp.o
 .text.scr_anim_ready
                0x08001038       0x58 ./Core/LVGL/src/core/lv_disp.o
 .text.scr_load_internal
                0x08001090       0x54 ./Core/LVGL/src/core/lv_disp.o
 .text.lv_disp_get_scr_act
                0x080010e4       0x14 ./Core/LVGL/src/core/lv_disp.o
                0x080010e4                lv_disp_get_scr_act
 .text.lv_disp_get_scr_prev
                0x080010f8       0x14 ./Core/LVGL/src/core/lv_disp.o
                0x080010f8                lv_disp_get_scr_prev
 .text.lv_disp_get_layer_top
                0x0800110c       0x14 ./Core/LVGL/src/core/lv_disp.o
                0x0800110c                lv_disp_get_layer_top
 .text.lv_disp_get_layer_sys
                0x08001120       0x14 ./Core/LVGL/src/core/lv_disp.o
                0x08001120                lv_disp_get_layer_sys
 .text.lv_disp_get_theme
                0x08001134       0x10 ./Core/LVGL/src/core/lv_disp.o
                0x08001134                lv_disp_get_theme
 .text.lv_scr_load_anim
                0x08001144      0x2c4 ./Core/LVGL/src/core/lv_disp.o
                0x08001144                lv_scr_load_anim
 .text.lv_disp_load_scr
                0x08001408       0x18 ./Core/LVGL/src/core/lv_disp.o
                0x08001408                lv_disp_load_scr
 .text.lv_disp_enable_invalidation
                0x08001420       0x28 ./Core/LVGL/src/core/lv_disp.o
                0x08001420                lv_disp_enable_invalidation
 .text.lv_disp_is_invalidation_enabled
                0x08001448       0x1c ./Core/LVGL/src/core/lv_disp.o
                0x08001448                lv_disp_is_invalidation_enabled
 .text.event_send_core
                0x08001464      0x1b8 ./Core/LVGL/src/core/lv_event.o
 .text.lv_event_send
                0x0800161c       0x40 ./Core/LVGL/src/core/lv_event.o
                0x0800161c                lv_event_send
 .text.lv_obj_event_base
                0x0800165c       0x34 ./Core/LVGL/src/core/lv_event.o
                0x0800165c                lv_obj_event_base
 .text.lv_event_get_target
                0x08001690        0x4 ./Core/LVGL/src/core/lv_event.o
                0x08001690                lv_event_get_target
 .text.lv_event_get_current_target
                0x08001694        0x4 ./Core/LVGL/src/core/lv_event.o
                0x08001694                lv_event_get_current_target
 .text.lv_event_get_code
                0x08001698        0x8 ./Core/LVGL/src/core/lv_event.o
                0x08001698                lv_event_get_code
 .text.lv_event_get_param
                0x080016a0        0x4 ./Core/LVGL/src/core/lv_event.o
                0x080016a0                lv_event_get_param
 .text.lv_event_get_user_data
                0x080016a4        0x4 ./Core/LVGL/src/core/lv_event.o
                0x080016a4                lv_event_get_user_data
 .text._lv_event_mark_deleted
                0x080016a8       0x2c ./Core/LVGL/src/core/lv_event.o
                0x080016a8                _lv_event_mark_deleted
 .text.lv_obj_add_event_cb
                0x080016d4       0x60 ./Core/LVGL/src/core/lv_event.o
                0x080016d4                lv_obj_add_event_cb
 .text.lv_event_get_indev
                0x08001734       0x10 ./Core/LVGL/src/core/lv_event.o
                0x08001734                lv_event_get_indev
 .text.lv_event_get_draw_ctx
                0x08001744       0x10 ./Core/LVGL/src/core/lv_event.o
                0x08001744                lv_event_get_draw_ctx
 .text.lv_event_set_ext_draw_size
                0x08001754       0x18 ./Core/LVGL/src/core/lv_event.o
                0x08001754                lv_event_set_ext_draw_size
 .text.focus_next_core
                0x0800176c      0x1a0 ./Core/LVGL/src/core/lv_group.o
 .text.lv_group_refocus
                0x0800190c       0x68 ./Core/LVGL/src/core/lv_group.o
 .text._lv_group_init
                0x08001974        0xc ./Core/LVGL/src/core/lv_group.o
                0x08001974                _lv_group_init
 .text.lv_group_get_default
                0x08001980        0xc ./Core/LVGL/src/core/lv_group.o
                0x08001980                lv_group_get_default
 .text.lv_group_remove_obj
                0x0800198c       0xf0 ./Core/LVGL/src/core/lv_group.o
                0x0800198c                lv_group_remove_obj
 .text.lv_group_add_obj
                0x08001a7c       0x7c ./Core/LVGL/src/core/lv_group.o
                0x08001a7c                lv_group_add_obj
 .text.lv_group_focus_next
                0x08001af8       0x2c ./Core/LVGL/src/core/lv_group.o
                0x08001af8                lv_group_focus_next
 .text.lv_group_set_editing
                0x08001b24       0x9c ./Core/LVGL/src/core/lv_group.o
                0x08001b24                lv_group_set_editing
 .text.lv_group_get_focused
                0x08001bc0        0xc ./Core/LVGL/src/core/lv_group.o
                0x08001bc0                lv_group_get_focused
 .text.lv_group_get_editing
                0x08001bcc        0xc ./Core/LVGL/src/core/lv_group.o
                0x08001bcc                lv_group_get_editing
 .text.lv_indev_get_act
                0x08001bd8        0xc ./Core/LVGL/src/core/lv_indev.o
                0x08001bd8                lv_indev_get_act
 .text.lv_indev_get_type
                0x08001be4        0x8 ./Core/LVGL/src/core/lv_indev.o
                0x08001be4                lv_indev_get_type
 .text.lv_indev_reset
                0x08001bec       0xd8 ./Core/LVGL/src/core/lv_indev.o
                0x08001bec                lv_indev_reset
 .text.lv_indev_reset_long_press
                0x08001cc4       0x1c ./Core/LVGL/src/core/lv_indev.o
                0x08001cc4                lv_indev_reset_long_press
 .text.lv_indev_get_point
                0x08001ce0       0x30 ./Core/LVGL/src/core/lv_indev.o
                0x08001ce0                lv_indev_get_point
 .text.lv_indev_get_scroll_dir
                0x08001d10       0x1c ./Core/LVGL/src/core/lv_indev.o
                0x08001d10                lv_indev_get_scroll_dir
 .text.lv_indev_get_scroll_obj
                0x08001d2c       0x18 ./Core/LVGL/src/core/lv_indev.o
                0x08001d2c                lv_indev_get_scroll_obj
 .text.lv_indev_get_vect
                0x08001d44       0x20 ./Core/LVGL/src/core/lv_indev.o
                0x08001d44                lv_indev_get_vect
 .text.lv_indev_wait_release
                0x08001d64        0xc ./Core/LVGL/src/core/lv_indev.o
                0x08001d64                lv_indev_wait_release
 .text.lv_indev_get_obj_act
                0x08001d70        0xc ./Core/LVGL/src/core/lv_indev.o
                0x08001d70                lv_indev_get_obj_act
 .text.lv_indev_scroll_throw_predict
                0x08001d7c       0x4c ./Core/LVGL/src/core/lv_indev_scroll.o
                0x08001d7c                lv_indev_scroll_throw_predict
 .text.lv_obj_draw
                0x08001dc8      0x4b4 ./Core/LVGL/src/core/lv_obj.o
 .text.lv_obj_destructor
                0x0800227c       0x68 ./Core/LVGL/src/core/lv_obj.o
 .text.lv_obj_constructor
                0x080022e4       0x60 ./Core/LVGL/src/core/lv_obj.o
 .text.lv_obj_set_state
                0x08002344      0x2bc ./Core/LVGL/src/core/lv_obj.o
 .text.lv_obj_event
                0x08002600      0x3b0 ./Core/LVGL/src/core/lv_obj.o
 .text.lv_init  0x080029b0       0x58 ./Core/LVGL/src/core/lv_obj.o
                0x080029b0                lv_init
 .text.lv_obj_create
                0x08002a08       0x18 ./Core/LVGL/src/core/lv_obj.o
                0x08002a08                lv_obj_create
 .text.lv_obj_add_flag
                0x08002a20       0x98 ./Core/LVGL/src/core/lv_obj.o
                0x08002a20                lv_obj_add_flag
 .text.lv_obj_clear_flag
                0x08002ab8       0x80 ./Core/LVGL/src/core/lv_obj.o
                0x08002ab8                lv_obj_clear_flag
 .text.lv_obj_add_state
                0x08002b38       0x14 ./Core/LVGL/src/core/lv_obj.o
                0x08002b38                lv_obj_add_state
 .text.lv_obj_clear_state
                0x08002b4c       0x14 ./Core/LVGL/src/core/lv_obj.o
                0x08002b4c                lv_obj_clear_state
 .text.lv_obj_has_flag
                0x08002b60        0xc ./Core/LVGL/src/core/lv_obj.o
                0x08002b60                lv_obj_has_flag
 .text.lv_obj_has_flag_any
                0x08002b6c        0xc ./Core/LVGL/src/core/lv_obj.o
                0x08002b6c                lv_obj_has_flag_any
 .text.lv_obj_get_state
                0x08002b78        0x4 ./Core/LVGL/src/core/lv_obj.o
                0x08002b78                lv_obj_get_state
 .text.lv_obj_has_state
                0x08002b7c        0xc ./Core/LVGL/src/core/lv_obj.o
                0x08002b7c                lv_obj_has_state
 .text.lv_obj_get_group
                0x08002b88        0x8 ./Core/LVGL/src/core/lv_obj.o
                0x08002b88                lv_obj_get_group
 .text.lv_obj_allocate_spec_attr
                0x08002b90       0x38 ./Core/LVGL/src/core/lv_obj.o
                0x08002b90                lv_obj_allocate_spec_attr
 .text.lv_obj_check_type
                0x08002bc8       0x10 ./Core/LVGL/src/core/lv_obj.o
                0x08002bc8                lv_obj_check_type
 .text.lv_obj_construct
                0x08002bd8       0x64 ./Core/LVGL/src/core/lv_obj_class.o
 .text.lv_obj_class_create_obj
                0x08002c3c       0xe4 ./Core/LVGL/src/core/lv_obj_class.o
                0x08002c3c                lv_obj_class_create_obj
 .text.lv_obj_class_init_obj
                0x08002d20       0xd8 ./Core/LVGL/src/core/lv_obj_class.o
                0x08002d20                lv_obj_class_init_obj
 .text._lv_obj_destruct
                0x08002df8       0x24 ./Core/LVGL/src/core/lv_obj_class.o
                0x08002df8                _lv_obj_destruct
 .text.lv_obj_is_editable
                0x08002e1c       0x20 ./Core/LVGL/src/core/lv_obj_class.o
                0x08002e1c                lv_obj_is_editable
 .text.lv_obj_init_draw_rect_dsc
                0x08002e3c      0x2fc ./Core/LVGL/src/core/lv_obj_draw.o
                0x08002e3c                lv_obj_init_draw_rect_dsc
 .text.lv_obj_init_draw_label_dsc
                0x08003138       0xb0 ./Core/LVGL/src/core/lv_obj_draw.o
                0x08003138                lv_obj_init_draw_label_dsc
 .text.lv_obj_init_draw_img_dsc
                0x080031e8       0xac ./Core/LVGL/src/core/lv_obj_draw.o
                0x080031e8                lv_obj_init_draw_img_dsc
 .text.lv_obj_init_draw_line_dsc
                0x08003294       0xb8 ./Core/LVGL/src/core/lv_obj_draw.o
                0x08003294                lv_obj_init_draw_line_dsc
 .text.lv_obj_init_draw_arc_dsc
                0x0800334c       0xa0 ./Core/LVGL/src/core/lv_obj_draw.o
                0x0800334c                lv_obj_init_draw_arc_dsc
 .text.lv_obj_calculate_ext_draw_size
                0x080033ec       0xd4 ./Core/LVGL/src/core/lv_obj_draw.o
                0x080033ec                lv_obj_calculate_ext_draw_size
 .text.lv_obj_draw_dsc_init
                0x080034c0       0x10 ./Core/LVGL/src/core/lv_obj_draw.o
                0x080034c0                lv_obj_draw_dsc_init
 .text.lv_obj_refresh_ext_draw_size
                0x080034d0       0x64 ./Core/LVGL/src/core/lv_obj_draw.o
                0x080034d0                lv_obj_refresh_ext_draw_size
 .text._lv_obj_get_ext_draw_size
                0x08003534        0xc ./Core/LVGL/src/core/lv_obj_draw.o
                0x08003534                _lv_obj_get_ext_draw_size
 .text._lv_obj_get_layer_type
                0x08003540        0xc ./Core/LVGL/src/core/lv_obj_draw.o
                0x08003540                _lv_obj_get_layer_type
 .text.transform_point
                0x0800354c      0x10c ./Core/LVGL/src/core/lv_obj_pos.o
 .text.lv_obj_set_pos
                0x08003658       0x58 ./Core/LVGL/src/core/lv_obj_pos.o
                0x08003658                lv_obj_set_pos
 .text.lv_obj_set_x
                0x080036b0       0x30 ./Core/LVGL/src/core/lv_obj_pos.o
                0x080036b0                lv_obj_set_x
 .text.lv_obj_set_y
                0x080036e0       0x30 ./Core/LVGL/src/core/lv_obj_pos.o
                0x080036e0                lv_obj_set_y
 .text.lv_obj_set_size
                0x08003710       0x58 ./Core/LVGL/src/core/lv_obj_pos.o
                0x08003710                lv_obj_set_size
 .text.lv_obj_set_width
                0x08003768       0x30 ./Core/LVGL/src/core/lv_obj_pos.o
                0x08003768                lv_obj_set_width
 .text.lv_obj_set_height
                0x08003798       0x30 ./Core/LVGL/src/core/lv_obj_pos.o
                0x08003798                lv_obj_set_height
 .text.lv_obj_set_layout
                0x080037c8       0x3c ./Core/LVGL/src/core/lv_obj_pos.o
                0x080037c8                lv_obj_set_layout
 .text.lv_obj_is_layout_positioned
                0x08003804       0x34 ./Core/LVGL/src/core/lv_obj_pos.o
                0x08003804                lv_obj_is_layout_positioned
 .text.lv_obj_mark_layout_as_dirty
                0x08003838       0x30 ./Core/LVGL/src/core/lv_obj_pos.o
                0x08003838                lv_obj_mark_layout_as_dirty
 .text.lv_layout_register
                0x08003868       0x3c ./Core/LVGL/src/core/lv_obj_pos.o
                0x08003868                lv_layout_register
 .text.lv_obj_align
                0x080038a4       0x60 ./Core/LVGL/src/core/lv_obj_pos.o
                0x080038a4                lv_obj_align
 .text.lv_obj_get_coords
                0x08003904        0xc ./Core/LVGL/src/core/lv_obj_pos.o
                0x08003904                lv_obj_get_coords
 .text.lv_obj_get_x
                0x08003910       0x48 ./Core/LVGL/src/core/lv_obj_pos.o
                0x08003910                lv_obj_get_x
 .text.lv_obj_get_y
                0x08003958       0x48 ./Core/LVGL/src/core/lv_obj_pos.o
                0x08003958                lv_obj_get_y
 .text.lv_obj_get_y2
                0x080039a0       0x54 ./Core/LVGL/src/core/lv_obj_pos.o
                0x080039a0                lv_obj_get_y2
 .text.lv_obj_get_y_aligned
                0x080039f4       0x10 ./Core/LVGL/src/core/lv_obj_pos.o
                0x080039f4                lv_obj_get_y_aligned
 .text.lv_obj_get_width
                0x08003a04        0xc ./Core/LVGL/src/core/lv_obj_pos.o
                0x08003a04                lv_obj_get_width
 .text.lv_obj_get_height
                0x08003a10        0xc ./Core/LVGL/src/core/lv_obj_pos.o
                0x08003a10                lv_obj_get_height
 .text.lv_obj_get_content_width
                0x08003a1c       0x3c ./Core/LVGL/src/core/lv_obj_pos.o
                0x08003a1c                lv_obj_get_content_width
 .text.lv_obj_get_content_height
                0x08003a58       0x3c ./Core/LVGL/src/core/lv_obj_pos.o
                0x08003a58                lv_obj_get_content_height
 .text.lv_obj_get_content_coords
                0x08003a94       0x68 ./Core/LVGL/src/core/lv_obj_pos.o
                0x08003a94                lv_obj_get_content_coords
 .text.lv_obj_get_self_width
                0x08003afc       0x20 ./Core/LVGL/src/core/lv_obj_pos.o
                0x08003afc                lv_obj_get_self_width
 .text.lv_obj_get_self_height
                0x08003b1c       0x1c ./Core/LVGL/src/core/lv_obj_pos.o
                0x08003b1c                lv_obj_get_self_height
 .text.lv_obj_refresh_self_size
                0x08003b38       0x5c ./Core/LVGL/src/core/lv_obj_pos.o
                0x08003b38                lv_obj_refresh_self_size
 .text.lv_obj_move_children_by
                0x08003b94      0x36c ./Core/LVGL/src/core/lv_obj_pos.o
                0x08003b94                lv_obj_move_children_by
 .text.lv_obj_transform_point
                0x08003f00       0xa4 ./Core/LVGL/src/core/lv_obj_pos.o
                0x08003f00                lv_obj_transform_point
 .text.lv_obj_get_transformed_area
                0x08003fa4      0x398 ./Core/LVGL/src/core/lv_obj_pos.o
                0x08003fa4                lv_obj_get_transformed_area
 .text.lv_obj_area_is_visible
                0x0800433c       0xfc ./Core/LVGL/src/core/lv_obj_pos.o
                0x0800433c                lv_obj_area_is_visible
 .text.lv_obj_invalidate_area
                0x08004438       0x3c ./Core/LVGL/src/core/lv_obj_pos.o
                0x08004438                lv_obj_invalidate_area
 .text.lv_obj_invalidate
                0x08004474       0x70 ./Core/LVGL/src/core/lv_obj_pos.o
                0x08004474                lv_obj_invalidate
 .text.lv_obj_move_to
                0x080044e4      0x194 ./Core/LVGL/src/core/lv_obj_pos.o
                0x080044e4                lv_obj_move_to
 .text.lv_obj_refr_pos
                0x08004678      0x358 ./Core/LVGL/src/core/lv_obj_pos.o
                0x08004678                lv_obj_refr_pos
 .text.lv_obj_refr_size
                0x080049d0      0x7ec ./Core/LVGL/src/core/lv_obj_pos.o
                0x080049d0                lv_obj_refr_size
 .text.layout_update_core
                0x080051bc       0xb8 ./Core/LVGL/src/core/lv_obj_pos.o
 .text.lv_obj_align_to
                0x08005274      0x5d4 ./Core/LVGL/src/core/lv_obj_pos.o
                0x08005274                lv_obj_align_to
 .text.lv_obj_update_layout
                0x08005848       0xe4 ./Core/LVGL/src/core/lv_obj_pos.o
                0x08005848                lv_obj_update_layout
 .text.lv_obj_is_visible
                0x0800592c       0x48 ./Core/LVGL/src/core/lv_obj_pos.o
                0x0800592c                lv_obj_is_visible
 .text.lv_obj_set_ext_click_area
                0x08005974       0x10 ./Core/LVGL/src/core/lv_obj_pos.o
                0x08005974                lv_obj_set_ext_click_area
 .text.lv_obj_get_click_area
                0x08005984       0x38 ./Core/LVGL/src/core/lv_obj_pos.o
                0x08005984                lv_obj_get_click_area
 .text.scroll_anim_ready_cb
                0x080059bc        0xc ./Core/LVGL/src/core/lv_obj_scroll.o
 .text.lv_obj_get_scroll_left.part.0
                0x080059c8       0xc8 ./Core/LVGL/src/core/lv_obj_scroll.o
 .text.lv_obj_get_scroll_right.part.0
                0x08005a90       0xd4 ./Core/LVGL/src/core/lv_obj_scroll.o
 .text.scroll_y_anim
                0x08005b64       0x4c ./Core/LVGL/src/core/lv_obj_scroll.o
 .text.scroll_x_anim
                0x08005bb0       0x4c ./Core/LVGL/src/core/lv_obj_scroll.o
 .text.lv_obj_set_scrollbar_mode
                0x08005bfc       0x28 ./Core/LVGL/src/core/lv_obj_scroll.o
                0x08005bfc                lv_obj_set_scrollbar_mode
 .text.lv_obj_set_scroll_dir
                0x08005c24       0x20 ./Core/LVGL/src/core/lv_obj_scroll.o
                0x08005c24                lv_obj_set_scroll_dir
 .text.lv_obj_set_scroll_snap_x
                0x08005c44       0x18 ./Core/LVGL/src/core/lv_obj_scroll.o
                0x08005c44                lv_obj_set_scroll_snap_x
 .text.lv_obj_set_scroll_snap_y
                0x08005c5c       0x18 ./Core/LVGL/src/core/lv_obj_scroll.o
                0x08005c5c                lv_obj_set_scroll_snap_y
 .text.lv_obj_get_scrollbar_mode
                0x08005c74       0x10 ./Core/LVGL/src/core/lv_obj_scroll.o
                0x08005c74                lv_obj_get_scrollbar_mode
 .text.lv_obj_get_scroll_dir
                0x08005c84       0x10 ./Core/LVGL/src/core/lv_obj_scroll.o
                0x08005c84                lv_obj_get_scroll_dir
 .text.lv_obj_get_scroll_x
                0x08005c94        0xc ./Core/LVGL/src/core/lv_obj_scroll.o
                0x08005c94                lv_obj_get_scroll_x
 .text.lv_obj_get_scroll_y
                0x08005ca0        0xc ./Core/LVGL/src/core/lv_obj_scroll.o
                0x08005ca0                lv_obj_get_scroll_y
 .text.lv_obj_get_scroll_top
                0x08005cac        0xc ./Core/LVGL/src/core/lv_obj_scroll.o
                0x08005cac                lv_obj_get_scroll_top
 .text.lv_obj_get_scroll_bottom
                0x08005cb8       0xd4 ./Core/LVGL/src/core/lv_obj_scroll.o
                0x08005cb8                lv_obj_get_scroll_bottom
 .text.lv_obj_get_scrollbar_area.part.0
                0x08005d8c      0x8c4 ./Core/LVGL/src/core/lv_obj_scroll.o
 .text.lv_obj_get_scroll_left
                0x08006650       0x28 ./Core/LVGL/src/core/lv_obj_scroll.o
                0x08006650                lv_obj_get_scroll_left
 .text.lv_obj_get_scroll_right
                0x08006678       0x28 ./Core/LVGL/src/core/lv_obj_scroll.o
                0x08006678                lv_obj_get_scroll_right
 .text.lv_obj_get_scroll_end
                0x080066a0       0x5c ./Core/LVGL/src/core/lv_obj_scroll.o
                0x080066a0                lv_obj_get_scroll_end
 .text.lv_obj_scroll_by
                0x080066fc      0x174 ./Core/LVGL/src/core/lv_obj_scroll.o
                0x080066fc                lv_obj_scroll_by
 .text.lv_obj_scroll_by_bounded
                0x08006870      0x1f8 ./Core/LVGL/src/core/lv_obj_scroll.o
                0x08006870                lv_obj_scroll_by_bounded
 .text.scroll_area_into_view
                0x08006a68      0x3e8 ./Core/LVGL/src/core/lv_obj_scroll.o
 .text.lv_obj_scroll_to
                0x08006e50      0x2bc ./Core/LVGL/src/core/lv_obj_scroll.o
                0x08006e50                lv_obj_scroll_to
 .text.lv_obj_scroll_to_x
                0x0800710c      0x238 ./Core/LVGL/src/core/lv_obj_scroll.o
                0x0800710c                lv_obj_scroll_to_x
 .text.lv_obj_scroll_to_y
                0x08007344      0x294 ./Core/LVGL/src/core/lv_obj_scroll.o
                0x08007344                lv_obj_scroll_to_y
 .text.lv_obj_scroll_to_view_recursive
                0x080075d8       0x3c ./Core/LVGL/src/core/lv_obj_scroll.o
                0x080075d8                lv_obj_scroll_to_view_recursive
 .text.lv_obj_get_scrollbar_area
                0x08007614       0x48 ./Core/LVGL/src/core/lv_obj_scroll.o
                0x08007614                lv_obj_get_scrollbar_area
 .text.lv_obj_scrollbar_invalidate
                0x0800765c       0x7c ./Core/LVGL/src/core/lv_obj_scroll.o
                0x0800765c                lv_obj_scrollbar_invalidate
 .text.lv_obj_readjust_scroll
                0x080076d8      0x104 ./Core/LVGL/src/core/lv_obj_scroll.o
                0x080076d8                lv_obj_readjust_scroll
 .text.get_local_style
                0x080077dc       0xd8 ./Core/LVGL/src/core/lv_obj_style.o
 .text.get_trans_style
                0x080078b4       0xc0 ./Core/LVGL/src/core/lv_obj_style.o
 .text.trans_del.isra.0
                0x08007974      0x144 ./Core/LVGL/src/core/lv_obj_style.o
 .text.refresh_children_style
                0x08007ab8      0x278 ./Core/LVGL/src/core/lv_obj_style.o
 .text._lv_obj_style_init
                0x08007d30        0xc ./Core/LVGL/src/core/lv_obj_style.o
                0x08007d30                _lv_obj_style_init
 .text.lv_obj_enable_style_refresh
                0x08007d3c        0xc ./Core/LVGL/src/core/lv_obj_style.o
                0x08007d3c                lv_obj_enable_style_refresh
 .text.lv_obj_get_style_prop
                0x08007d48      0x19c ./Core/LVGL/src/core/lv_obj_style.o
                0x08007d48                lv_obj_get_style_prop
 .text.lv_obj_refresh_style.part.0
                0x08007ee4      0x1f8 ./Core/LVGL/src/core/lv_obj_style.o
 .text.lv_obj_refresh_style
                0x080080dc       0x10 ./Core/LVGL/src/core/lv_obj_style.o
                0x080080dc                lv_obj_refresh_style
 .text.trans_anim_cb
                0x080080ec      0x17c ./Core/LVGL/src/core/lv_obj_style.o
 .text.lv_obj_remove_style
                0x08008268      0x14c ./Core/LVGL/src/core/lv_obj_style.o
                0x08008268                lv_obj_remove_style
 .text.trans_anim_ready_cb
                0x080083b4       0xc0 ./Core/LVGL/src/core/lv_obj_style.o
 .text.lv_obj_add_style
                0x08008474      0x10c ./Core/LVGL/src/core/lv_obj_style.o
                0x08008474                lv_obj_add_style
 .text.report_style_change_core
                0x08008580      0x41c ./Core/LVGL/src/core/lv_obj_style.o
 .text.lv_obj_report_style_change
                0x0800899c       0xa8 ./Core/LVGL/src/core/lv_obj_style.o
                0x0800899c                lv_obj_report_style_change
 .text.trans_anim_start_cb
                0x08008a44       0x40 ./Core/LVGL/src/core/lv_obj_style.o
 .text.lv_obj_set_local_style_prop
                0x08008a84       0x34 ./Core/LVGL/src/core/lv_obj_style.o
                0x08008a84                lv_obj_set_local_style_prop
 .text.lv_obj_get_local_style_prop
                0x08008ab8       0x44 ./Core/LVGL/src/core/lv_obj_style.o
                0x08008ab8                lv_obj_get_local_style_prop
 .text.lv_obj_remove_local_style_prop
                0x08008afc       0x70 ./Core/LVGL/src/core/lv_obj_style.o
                0x08008afc                lv_obj_remove_local_style_prop
 .text._lv_obj_style_create_transition
                0x08008b6c      0x160 ./Core/LVGL/src/core/lv_obj_style.o
                0x08008b6c                _lv_obj_style_create_transition
 .text._lv_obj_style_apply_color_filter
                0x08008ccc       0x38 ./Core/LVGL/src/core/lv_obj_style.o
                0x08008ccc                _lv_obj_style_apply_color_filter
 .text._lv_obj_style_state_compare
                0x08008d04      0x264 ./Core/LVGL/src/core/lv_obj_style.o
                0x08008d04                _lv_obj_style_state_compare
 .text.lv_obj_style_get_selector_state
                0x08008f68        0x4 ./Core/LVGL/src/core/lv_obj_style.o
                0x08008f68                lv_obj_style_get_selector_state
 .text.lv_obj_style_get_selector_part
                0x08008f6c        0x8 ./Core/LVGL/src/core/lv_obj_style.o
                0x08008f6c                lv_obj_style_get_selector_part
 .text.lv_obj_calculate_style_text_align
                0x08008f74       0x24 ./Core/LVGL/src/core/lv_obj_style.o
                0x08008f74                lv_obj_calculate_style_text_align
 .text.lv_obj_get_style_opa_recursive
                0x08008f98       0x74 ./Core/LVGL/src/core/lv_obj_style.o
                0x08008f98                lv_obj_get_style_opa_recursive
 .text.lv_obj_set_style_width
                0x0800900c        0xc ./Core/LVGL/src/core/lv_obj_style_gen.o
                0x0800900c                lv_obj_set_style_width
 .text.lv_obj_set_style_min_width
                0x08009018        0xc ./Core/LVGL/src/core/lv_obj_style_gen.o
                0x08009018                lv_obj_set_style_min_width
 .text.lv_obj_set_style_height
                0x08009024        0xc ./Core/LVGL/src/core/lv_obj_style_gen.o
                0x08009024                lv_obj_set_style_height
 .text.lv_obj_set_style_x
                0x08009030        0xc ./Core/LVGL/src/core/lv_obj_style_gen.o
                0x08009030                lv_obj_set_style_x
 .text.lv_obj_set_style_y
                0x0800903c        0xc ./Core/LVGL/src/core/lv_obj_style_gen.o
                0x0800903c                lv_obj_set_style_y
 .text.lv_obj_set_style_align
                0x08009048        0xc ./Core/LVGL/src/core/lv_obj_style_gen.o
                0x08009048                lv_obj_set_style_align
 .text.lv_obj_set_style_pad_top
                0x08009054        0xc ./Core/LVGL/src/core/lv_obj_style_gen.o
                0x08009054                lv_obj_set_style_pad_top
 .text.lv_obj_set_style_pad_bottom
                0x08009060        0xc ./Core/LVGL/src/core/lv_obj_style_gen.o
                0x08009060                lv_obj_set_style_pad_bottom
 .text.lv_obj_set_style_pad_left
                0x0800906c        0xc ./Core/LVGL/src/core/lv_obj_style_gen.o
                0x0800906c                lv_obj_set_style_pad_left
 .text.lv_obj_set_style_pad_right
                0x08009078        0xc ./Core/LVGL/src/core/lv_obj_style_gen.o
                0x08009078                lv_obj_set_style_pad_right
 .text.lv_obj_set_style_bg_color
                0x08009084       0x28 ./Core/LVGL/src/core/lv_obj_style_gen.o
                0x08009084                lv_obj_set_style_bg_color
 .text.lv_obj_set_style_bg_opa
                0x080090ac        0xc ./Core/LVGL/src/core/lv_obj_style_gen.o
                0x080090ac                lv_obj_set_style_bg_opa
 .text.lv_obj_set_style_bg_grad_dir
                0x080090b8        0xc ./Core/LVGL/src/core/lv_obj_style_gen.o
                0x080090b8                lv_obj_set_style_bg_grad_dir
 .text.lv_obj_set_style_bg_img_src
                0x080090c4        0xc ./Core/LVGL/src/core/lv_obj_style_gen.o
                0x080090c4                lv_obj_set_style_bg_img_src
 .text.lv_obj_set_style_border_color
                0x080090d0       0x28 ./Core/LVGL/src/core/lv_obj_style_gen.o
                0x080090d0                lv_obj_set_style_border_color
 .text.lv_obj_set_style_border_opa
                0x080090f8        0xc ./Core/LVGL/src/core/lv_obj_style_gen.o
                0x080090f8                lv_obj_set_style_border_opa
 .text.lv_obj_set_style_border_width
                0x08009104        0xc ./Core/LVGL/src/core/lv_obj_style_gen.o
                0x08009104                lv_obj_set_style_border_width
 .text.lv_obj_set_style_border_side
                0x08009110        0xc ./Core/LVGL/src/core/lv_obj_style_gen.o
                0x08009110                lv_obj_set_style_border_side
 .text.lv_obj_set_style_shadow_width
                0x0800911c        0xc ./Core/LVGL/src/core/lv_obj_style_gen.o
                0x0800911c                lv_obj_set_style_shadow_width
 .text.lv_obj_set_style_img_opa
                0x08009128        0xc ./Core/LVGL/src/core/lv_obj_style_gen.o
                0x08009128                lv_obj_set_style_img_opa
 .text.lv_obj_set_style_img_recolor_opa
                0x08009134        0xc ./Core/LVGL/src/core/lv_obj_style_gen.o
                0x08009134                lv_obj_set_style_img_recolor_opa
 .text.lv_obj_set_style_text_color
                0x08009140       0x28 ./Core/LVGL/src/core/lv_obj_style_gen.o
                0x08009140                lv_obj_set_style_text_color
 .text.lv_obj_set_style_text_opa
                0x08009168        0xc ./Core/LVGL/src/core/lv_obj_style_gen.o
                0x08009168                lv_obj_set_style_text_opa
 .text.lv_obj_set_style_text_font
                0x08009174        0xc ./Core/LVGL/src/core/lv_obj_style_gen.o
                0x08009174                lv_obj_set_style_text_font
 .text.lv_obj_set_style_text_letter_space
                0x08009180        0xc ./Core/LVGL/src/core/lv_obj_style_gen.o
                0x08009180                lv_obj_set_style_text_letter_space
 .text.lv_obj_set_style_text_line_space
                0x0800918c        0xc ./Core/LVGL/src/core/lv_obj_style_gen.o
                0x0800918c                lv_obj_set_style_text_line_space
 .text.lv_obj_set_style_text_align
                0x08009198        0xc ./Core/LVGL/src/core/lv_obj_style_gen.o
                0x08009198                lv_obj_set_style_text_align
 .text.lv_obj_set_style_radius
                0x080091a4        0xc ./Core/LVGL/src/core/lv_obj_style_gen.o
                0x080091a4                lv_obj_set_style_radius
 .text.lv_obj_set_style_clip_corner
                0x080091b0        0xc ./Core/LVGL/src/core/lv_obj_style_gen.o
                0x080091b0                lv_obj_set_style_clip_corner
 .text.lv_obj_set_style_opa
                0x080091bc        0xc ./Core/LVGL/src/core/lv_obj_style_gen.o
                0x080091bc                lv_obj_set_style_opa
 .text.lv_obj_set_style_layout
                0x080091c8        0xc ./Core/LVGL/src/core/lv_obj_style_gen.o
                0x080091c8                lv_obj_set_style_layout
 .text.lv_obj_set_style_base_dir
                0x080091d4        0xc ./Core/LVGL/src/core/lv_obj_style_gen.o
                0x080091d4                lv_obj_set_style_base_dir
 .text.obj_del_core.part.0
                0x080091e0      0x1c0 ./Core/LVGL/src/core/lv_obj_tree.o
 .text.lv_obj_del
                0x080093a0       0xd0 ./Core/LVGL/src/core/lv_obj_tree.o
                0x080093a0                lv_obj_del
 .text.lv_obj_set_parent
                0x08009470      0x140 ./Core/LVGL/src/core/lv_obj_tree.o
                0x08009470                lv_obj_set_parent
 .text.lv_obj_move_to_index
                0x080095b0       0xcc ./Core/LVGL/src/core/lv_obj_tree.o
                0x080095b0                lv_obj_move_to_index
 .text.lv_obj_get_screen
                0x0800967c       0x10 ./Core/LVGL/src/core/lv_obj_tree.o
                0x0800967c                lv_obj_get_screen
 .text.lv_obj_get_disp
                0x0800968c       0x50 ./Core/LVGL/src/core/lv_obj_tree.o
                0x0800968c                lv_obj_get_disp
 .text.lv_obj_get_parent
                0x080096dc        0x8 ./Core/LVGL/src/core/lv_obj_tree.o
                0x080096dc                lv_obj_get_parent
 .text.lv_obj_get_child
                0x080096e4       0x20 ./Core/LVGL/src/core/lv_obj_tree.o
                0x080096e4                lv_obj_get_child
 .text.lv_obj_get_child_cnt
                0x08009704        0x8 ./Core/LVGL/src/core/lv_obj_tree.o
                0x08009704                lv_obj_get_child_cnt
 .text.lv_obj_get_index
                0x0800970c       0x54 ./Core/LVGL/src/core/lv_obj_tree.o
                0x0800970c                lv_obj_get_index
 .text.lv_refr_get_top_obj
                0x08009760       0x6c ./Core/LVGL/src/core/lv_refr.o
 .text._lv_refr_init
                0x080097cc        0x4 ./Core/LVGL/src/core/lv_refr.o
                0x080097cc                _lv_refr_init
 .text.lv_obj_redraw
                0x080097d0      0x124 ./Core/LVGL/src/core/lv_refr.o
                0x080097d0                lv_obj_redraw
 .text.refr_obj.part.0
                0x080098f4      0x3c8 ./Core/LVGL/src/core/lv_refr.o
 .text.refr_obj_and_children
                0x08009cbc       0xd8 ./Core/LVGL/src/core/lv_refr.o
 .text.refr_area_part
                0x08009d94      0x7b8 ./Core/LVGL/src/core/lv_refr.o
 .text._lv_inv_area
                0x0800a54c       0xf8 ./Core/LVGL/src/core/lv_refr.o
                0x0800a54c                _lv_inv_area
 .text._lv_refr_get_disp_refreshing
                0x0800a644        0xc ./Core/LVGL/src/core/lv_refr.o
                0x0800a644                _lv_refr_get_disp_refreshing
 .text._lv_disp_refr_timer
                0x0800a650      0x648 ./Core/LVGL/src/core/lv_refr.o
                0x0800a650                _lv_disp_refr_timer
 .text.apply_theme
                0x0800ac98       0x58 ./Core/LVGL/src/core/lv_theme.o
 .text.lv_theme_apply
                0x0800acf0       0x78 ./Core/LVGL/src/core/lv_theme.o
                0x0800acf0                lv_theme_apply
 .text.lv_theme_get_color_primary
                0x0800ad68       0x28 ./Core/LVGL/src/core/lv_theme.o
                0x0800ad68                lv_theme_get_color_primary
 .text.lv_draw_init
                0x0800ad90        0x4 ./Core/LVGL/src/draw/lv_draw.o
                0x0800ad90                lv_draw_init
 .text.lv_draw_wait_for_finish
                0x0800ad94        0x8 ./Core/LVGL/src/draw/lv_draw.o
                0x0800ad94                lv_draw_wait_for_finish
 .text.lv_draw_arc_dsc_init
                0x0800ad9c       0x18 ./Core/LVGL/src/draw/lv_draw_arc.o
                0x0800ad9c                lv_draw_arc_dsc_init
 .text.lv_draw_arc
                0x0800adb4       0x2c ./Core/LVGL/src/draw/lv_draw_arc.o
                0x0800adb4                lv_draw_arc
 .text.lv_draw_arc_get_area
                0x0800ade0      0x4c4 ./Core/LVGL/src/draw/lv_draw_arc.o
                0x0800ade0                lv_draw_arc_get_area
 .text.lv_draw_img_dsc_init
                0x0800b2a4       0x24 ./Core/LVGL/src/draw/lv_draw_img.o
                0x0800b2a4                lv_draw_img_dsc_init
 .text.lv_draw_img
                0x0800b2c8      0x304 ./Core/LVGL/src/draw/lv_draw_img.o
                0x0800b2c8                lv_draw_img
 .text.lv_img_cf_get_px_size
                0x0800b5cc       0x14 ./Core/LVGL/src/draw/lv_draw_img.o
                0x0800b5cc                lv_img_cf_get_px_size
 .text.lv_img_src_get_type
                0x0800b5e0       0x1c ./Core/LVGL/src/draw/lv_draw_img.o
                0x0800b5e0                lv_img_src_get_type
 .text.lv_draw_label_dsc_init
                0x0800b5fc       0x30 ./Core/LVGL/src/draw/lv_draw_label.o
                0x0800b5fc                lv_draw_label_dsc_init
 .text.lv_draw_label
                0x0800b62c      0xa88 ./Core/LVGL/src/draw/lv_draw_label.o
                0x0800b62c                lv_draw_label
 .text.lv_draw_layer_create
                0x0800c0b4       0x64 ./Core/LVGL/src/draw/lv_draw_layer.o
                0x0800c0b4                lv_draw_layer_create
 .text.lv_draw_layer_adjust
                0x0800c118        0x8 ./Core/LVGL/src/draw/lv_draw_layer.o
                0x0800c118                lv_draw_layer_adjust
 .text.lv_draw_layer_blend
                0x0800c120        0x8 ./Core/LVGL/src/draw/lv_draw_layer.o
                0x0800c120                lv_draw_layer_blend
 .text.lv_draw_layer_destroy
                0x0800c128       0x3c ./Core/LVGL/src/draw/lv_draw_layer.o
                0x0800c128                lv_draw_layer_destroy
 .text.lv_draw_line_dsc_init
                0x0800c164       0x18 ./Core/LVGL/src/draw/lv_draw_line.o
                0x0800c164                lv_draw_line_dsc_init
 .text.lv_draw_line
                0x0800c17c       0x1c ./Core/LVGL/src/draw/lv_draw_line.o
                0x0800c17c                lv_draw_line
 .text.lv_draw_mask_radius
                0x0800c198      0x36c ./Core/LVGL/src/draw/lv_draw_mask.o
 .text.lv_draw_mask_line
                0x0800c504      0x56c ./Core/LVGL/src/draw/lv_draw_mask.o
 .text.lv_draw_mask_angle
                0x0800ca70      0x394 ./Core/LVGL/src/draw/lv_draw_mask.o
 .text.lv_draw_mask_add
                0x0800ce04       0xb4 ./Core/LVGL/src/draw/lv_draw_mask.o
                0x0800ce04                lv_draw_mask_add
 .text.lv_draw_mask_apply
                0x0800ceb8       0x50 ./Core/LVGL/src/draw/lv_draw_mask.o
                0x0800ceb8                lv_draw_mask_apply
 .text.lv_draw_mask_remove_id
                0x0800cf08       0x24 ./Core/LVGL/src/draw/lv_draw_mask.o
                0x0800cf08                lv_draw_mask_remove_id
 .text.lv_draw_mask_remove_custom
                0x0800cf2c      0x148 ./Core/LVGL/src/draw/lv_draw_mask.o
                0x0800cf2c                lv_draw_mask_remove_custom
 .text.lv_draw_mask_free_param
                0x0800d074       0x40 ./Core/LVGL/src/draw/lv_draw_mask.o
                0x0800d074                lv_draw_mask_free_param
 .text._lv_draw_mask_cleanup
                0x0800d0b4       0x38 ./Core/LVGL/src/draw/lv_draw_mask.o
                0x0800d0b4                _lv_draw_mask_cleanup
 .text.lv_draw_mask_is_any
                0x0800d0ec       0x5c ./Core/LVGL/src/draw/lv_draw_mask.o
                0x0800d0ec                lv_draw_mask_is_any
 .text.lv_draw_mask_line_points_init
                0x0800d148      0x154 ./Core/LVGL/src/draw/lv_draw_mask.o
                0x0800d148                lv_draw_mask_line_points_init
 .text.lv_draw_mask_angle_init
                0x0800d29c      0x270 ./Core/LVGL/src/draw/lv_draw_mask.o
                0x0800d29c                lv_draw_mask_angle_init
 .text.lv_draw_mask_radius_init
                0x0800d50c      0x5dc ./Core/LVGL/src/draw/lv_draw_mask.o
                0x0800d50c                lv_draw_mask_radius_init
 .text.lv_draw_rect_dsc_init
                0x0800dae8       0x50 ./Core/LVGL/src/draw/lv_draw_rect.o
                0x0800dae8                lv_draw_rect_dsc_init
 .text.lv_draw_rect
                0x0800db38       0x30 ./Core/LVGL/src/draw/lv_draw_rect.o
                0x0800db38                lv_draw_rect
 .text.lv_draw_transform
                0x0800db68       0x38 ./Core/LVGL/src/draw/lv_draw_transform.o
                0x0800db68                lv_draw_transform
 .text._lv_img_buf_get_transformed_area
                0x0800dba0      0x104 ./Core/LVGL/src/draw/lv_img_buf.o
                0x0800dba0                _lv_img_buf_get_transformed_area
 .text._lv_img_cache_open
                0x0800dca4       0x54 ./Core/LVGL/src/draw/lv_img_cache.o
                0x0800dca4                _lv_img_cache_open
 .text.lv_img_cache_invalidate_src
                0x0800dcf8        0x4 ./Core/LVGL/src/draw/lv_img_cache.o
                0x0800dcf8                lv_img_cache_invalidate_src
 .text.lv_img_decoder_built_in_info
                0x0800dcfc       0xb8 ./Core/LVGL/src/draw/lv_img_decoder.o
                0x0800dcfc                lv_img_decoder_built_in_info
 .text.lv_img_decoder_built_in_close
                0x0800ddb4       0x34 ./Core/LVGL/src/draw/lv_img_decoder.o
                0x0800ddb4                lv_img_decoder_built_in_close
 .text.lv_img_decoder_built_in_read_line
                0x0800dde8      0x34c ./Core/LVGL/src/draw/lv_img_decoder.o
                0x0800dde8                lv_img_decoder_built_in_read_line
 .text.lv_img_decoder_built_in_open
                0x0800e134      0x300 ./Core/LVGL/src/draw/lv_img_decoder.o
                0x0800e134                lv_img_decoder_built_in_open
 .text._lv_img_decoder_init
                0x0800e434       0x44 ./Core/LVGL/src/draw/lv_img_decoder.o
                0x0800e434                _lv_img_decoder_init
 .text.lv_img_decoder_get_info
                0x0800e478       0x60 ./Core/LVGL/src/draw/lv_img_decoder.o
                0x0800e478                lv_img_decoder_get_info
 .text.lv_img_decoder_open
                0x0800e4d8       0xdc ./Core/LVGL/src/draw/lv_img_decoder.o
                0x0800e4d8                lv_img_decoder_open
 .text.lv_img_decoder_read_line
                0x0800e5b4       0x24 ./Core/LVGL/src/draw/lv_img_decoder.o
                0x0800e5b4                lv_img_decoder_read_line
 .text.lv_img_decoder_close
                0x0800e5d8       0x24 ./Core/LVGL/src/draw/lv_img_decoder.o
                0x0800e5d8                lv_img_decoder_close
 .text.lv_draw_sw_wait_for_finish
                0x0800e5fc        0x4 ./Core/LVGL/src/draw/sw/lv_draw_sw.o
                0x0800e5fc                lv_draw_sw_wait_for_finish
 .text.lv_draw_sw_buffer_copy
                0x0800e600       0x64 ./Core/LVGL/src/draw/sw/lv_draw_sw.o
                0x0800e600                lv_draw_sw_buffer_copy
 .text.lv_draw_sw_init_ctx
                0x0800e664       0x8c ./Core/LVGL/src/draw/sw/lv_draw_sw.o
                0x0800e664                lv_draw_sw_init_ctx
 .text.get_rounded_area
                0x0800e6f0       0x98 ./Core/LVGL/src/draw/sw/lv_draw_sw_arc.o
 .text.lv_draw_sw_arc
                0x0800e788      0xdd0 ./Core/LVGL/src/draw/sw/lv_draw_sw_arc.o
                0x0800e788                lv_draw_sw_arc
 .text.color_blend_true_color_additive
                0x0800f558       0x98 ./Core/LVGL/src/draw/sw/lv_draw_sw_blend.o
 .text.color_blend_true_color_subtractive
                0x0800f5f0       0x94 ./Core/LVGL/src/draw/sw/lv_draw_sw_blend.o
 .text.color_blend_true_color_multiply
                0x0800f684       0x88 ./Core/LVGL/src/draw/sw/lv_draw_sw_blend.o
 .text.lv_draw_sw_blend
                0x0800f70c       0x30 ./Core/LVGL/src/draw/sw/lv_draw_sw_blend.o
                0x0800f70c                lv_draw_sw_blend
 .text.lv_draw_sw_blend_basic
                0x0800f73c     0x1068 ./Core/LVGL/src/draw/sw/lv_draw_sw_blend.o
                0x0800f73c                lv_draw_sw_blend_basic
 .text.lv_gradient_calculate
                0x080107a4      0x148 ./Core/LVGL/src/draw/sw/lv_draw_sw_gradient.o
                0x080107a4                lv_gradient_calculate
 .text.lv_gradient_get
                0x080108ec      0x330 ./Core/LVGL/src/draw/sw/lv_draw_sw_gradient.o
                0x080108ec                lv_gradient_get
 .text.lv_gradient_cleanup
                0x08010c1c       0x10 ./Core/LVGL/src/draw/sw/lv_draw_sw_gradient.o
                0x08010c1c                lv_gradient_cleanup
 .text.lv_draw_sw_img_decoded
                0x08010c2c      0x574 ./Core/LVGL/src/draw/sw/lv_draw_sw_img.o
                0x08010c2c                lv_draw_sw_img_decoded
 .text.lv_draw_sw_layer_create
                0x080111a0       0xfc ./Core/LVGL/src/draw/sw/lv_draw_sw_layer.o
                0x080111a0                lv_draw_sw_layer_create
 .text.lv_draw_sw_layer_adjust
                0x0801129c       0x5c ./Core/LVGL/src/draw/sw/lv_draw_sw_layer.o
                0x0801129c                lv_draw_sw_layer_adjust
 .text.lv_draw_sw_layer_blend
                0x080112f8       0x88 ./Core/LVGL/src/draw/sw/lv_draw_sw_layer.o
                0x080112f8                lv_draw_sw_layer_blend
 .text.lv_draw_sw_layer_destroy
                0x08011380        0x8 ./Core/LVGL/src/draw/sw/lv_draw_sw_layer.o
                0x08011380                lv_draw_sw_layer_destroy
 .text.lv_draw_sw_letter
                0x08011388      0x4f4 ./Core/LVGL/src/draw/sw/lv_draw_sw_letter.o
                0x08011388                lv_draw_sw_letter
 .text.lv_draw_sw_line
                0x0801187c      0x8a8 ./Core/LVGL/src/draw/sw/lv_draw_sw_line.o
                0x0801187c                lv_draw_sw_line
 .text.lv_draw_sw_polygon
                0x08012124      0x348 ./Core/LVGL/src/draw/sw/lv_draw_sw_polygon.o
                0x08012124                lv_draw_sw_polygon
 .text.shadow_blur_corner
                0x0801246c      0x240 ./Core/LVGL/src/draw/sw/lv_draw_sw_rect.o
 .text.draw_bg  0x080126ac      0x5fc ./Core/LVGL/src/draw/sw/lv_draw_sw_rect.o
 .text.lv_draw_sw_bg
                0x08012ca8      0x24c ./Core/LVGL/src/draw/sw/lv_draw_sw_rect.o
                0x08012ca8                lv_draw_sw_bg
 .text.draw_border_generic
                0x08012ef4      0x8c4 ./Core/LVGL/src/draw/sw/lv_draw_sw_rect.o
                0x08012ef4                draw_border_generic
 .text.lv_draw_sw_rect
                0x080137b8     0x13e0 ./Core/LVGL/src/draw/sw/lv_draw_sw_rect.o
                0x080137b8                lv_draw_sw_rect
 .text.lv_draw_sw_transform
                0x08014b98      0xbb4 ./Core/LVGL/src/draw/sw/lv_draw_sw_transform.o
                0x08014b98                lv_draw_sw_transform
 .text.lv_area_get_width
                0x0801574c        0xc ./Core/LVGL/src/extra/layouts/flex/lv_flex.o
 .text.lv_area_get_height
                0x08015758        0xc ./Core/LVGL/src/extra/layouts/flex/lv_flex.o
 .text.place_content
                0x08015764       0xb0 ./Core/LVGL/src/extra/layouts/flex/lv_flex.o
 .text.find_track_end
                0x08015814      0x2bc ./Core/LVGL/src/extra/layouts/flex/lv_flex.o
 .text.flex_update
                0x08015ad0      0xa28 ./Core/LVGL/src/extra/layouts/flex/lv_flex.o
 .text.lv_flex_init
                0x080164f8       0x68 ./Core/LVGL/src/extra/layouts/flex/lv_flex.o
                0x080164f8                lv_flex_init
 .text.lv_obj_set_flex_flow
                0x08016560       0x28 ./Core/LVGL/src/extra/layouts/flex/lv_flex.o
                0x08016560                lv_obj_set_flex_flow
 .text.lv_obj_set_flex_align
                0x08016588       0x50 ./Core/LVGL/src/extra/layouts/flex/lv_flex.o
                0x08016588                lv_obj_set_flex_align
 .text.lv_obj_set_flex_grow
                0x080165d8       0x24 ./Core/LVGL/src/extra/layouts/flex/lv_flex.o
                0x080165d8                lv_obj_set_flex_grow
 .text.grid_update
                0x080165fc      0xbc0 ./Core/LVGL/src/extra/layouts/grid/lv_grid.o
 .text.lv_grid_init
                0x080171bc       0xb8 ./Core/LVGL/src/extra/layouts/grid/lv_grid.o
                0x080171bc                lv_grid_init
 .text.lv_extra_init
                0x08017274       0x10 ./Core/LVGL/src/extra/lv_extra.o
                0x08017274                lv_extra_init
 .text.theme_apply
                0x08017284      0xfbc ./Core/LVGL/src/extra/themes/default/lv_theme_default.o
 .text.grey_filter_cb
                0x08018240       0x54 ./Core/LVGL/src/extra/themes/default/lv_theme_default.o
 .text.dark_color_filter_cb
                0x08018294        0x8 ./Core/LVGL/src/extra/themes/default/lv_theme_default.o
 .text.style_init
                0x0801829c     0x3598 ./Core/LVGL/src/extra/themes/default/lv_theme_default.o
 .text.lv_theme_default_init
                0x0801b834       0xb4 ./Core/LVGL/src/extra/themes/default/lv_theme_default.o
                0x0801b834                lv_theme_default_init
 .text.lv_theme_default_get
                0x0801b8e8       0x18 ./Core/LVGL/src/extra/themes/default/lv_theme_default.o
                0x0801b8e8                lv_theme_default_get
 .text.lv_theme_default_is_inited
                0x0801b900       0x10 ./Core/LVGL/src/extra/themes/default/lv_theme_default.o
                0x0801b900                lv_theme_default_is_inited
 .text.draw_part_begin_event_cb
                0x0801b910       0xb0 ./Core/LVGL/src/extra/widgets/calendar/lv_calendar.o
 .text.highlight_update
                0x0801b9c0       0xe4 ./Core/LVGL/src/extra/widgets/calendar/lv_calendar.o
 .text.lv_calendar_set_showed_date
                0x0801baa4      0x2b4 ./Core/LVGL/src/extra/widgets/calendar/lv_calendar.o
                0x0801baa4                lv_calendar_set_showed_date
 .text.lv_calendar_constructor
                0x0801bd58      0x100 ./Core/LVGL/src/extra/widgets/calendar/lv_calendar.o
 .text.lv_calendar_get_showed_date
                0x0801be58        0x4 ./Core/LVGL/src/extra/widgets/calendar/lv_calendar.o
                0x0801be58                lv_calendar_get_showed_date
 .text.my_constructor
                0x0801be5c       0xe0 ./Core/LVGL/src/extra/widgets/calendar/lv_calendar_header_arrow.o
 .text.value_changed_event_cb
                0x0801bf3c       0x3c ./Core/LVGL/src/extra/widgets/calendar/lv_calendar_header_arrow.o
 .text.month_event_cb
                0x0801bf78       0x80 ./Core/LVGL/src/extra/widgets/calendar/lv_calendar_header_arrow.o
 .text.my_constructor
                0x0801bff8       0x90 ./Core/LVGL/src/extra/widgets/calendar/lv_calendar_header_dropdown.o
 .text.value_changed_event_cb
                0x0801c088       0x74 ./Core/LVGL/src/extra/widgets/calendar/lv_calendar_header_dropdown.o
 .text.month_event_cb
                0x0801c0fc       0x30 ./Core/LVGL/src/extra/widgets/calendar/lv_calendar_header_dropdown.o
 .text.year_event_cb
                0x0801c12c       0x70 ./Core/LVGL/src/extra/widgets/calendar/lv_calendar_header_dropdown.o
 .text.draw_y_ticks
                0x0801c19c      0x460 ./Core/LVGL/src/extra/widgets/chart/lv_chart.o
 .text.draw_x_ticks
                0x0801c5fc      0x4f8 ./Core/LVGL/src/extra/widgets/chart/lv_chart.o
 .text.lv_chart_destructor
                0x0801caf4       0x78 ./Core/LVGL/src/extra/widgets/chart/lv_chart.o
 .text.lv_chart_constructor
                0x0801cb6c       0x50 ./Core/LVGL/src/extra/widgets/chart/lv_chart.o
 .text.invalidate_point.part.0
                0x0801cbbc      0x180 ./Core/LVGL/src/extra/widgets/chart/lv_chart.o
 .text.lv_chart_get_point_pos_by_id
                0x0801cd3c      0x224 ./Core/LVGL/src/extra/widgets/chart/lv_chart.o